Component: ARM Compiler 5.06 update 7 (build 960) Tool: armlink [4d3601]

==============================================================================

Section Cross References

    startup_n32g43x.o(RESET) refers to startup_n32g43x.o(STACK) for __initial_sp
    startup_n32g43x.o(RESET) refers to startup_n32g43x.o(.text) for Reset_Handler
    startup_n32g43x.o(RESET) refers to n32g43x_it.o(.text) for NMI_Handler
    startup_n32g43x.o(.text) refers to system_n32g43x.o(.text) for SystemInit
    startup_n32g43x.o(.text) refers to entry.o(.ARM.Collect$$$$00000000) for __main
    system_n32g43x.o(.text) refers to system_n32g43x.o(.data) for SystemCoreClock
    system_n32g43x.o(.text) refers to system_n32g43x.o(.constdata) for MSIClockTable
    n32g43x_adc.o(.text) refers to n32g43x_rcc.o(.text) for RCC_EnableAHBPeriphReset
    n32g43x_can.o(.text) refers to n32g43x_rcc.o(.text) for RCC_EnableAPB1PeriphReset
    n32g43x_comp.o(.text) refers to n32g43x_rcc.o(.text) for RCC_EnableAPB1PeriphReset
    n32g43x_dac.o(.text) refers to n32g43x_rcc.o(.text) for RCC_EnableAPB1PeriphReset
    n32g43x_gpio.o(.text) refers to n32g43x_rcc.o(.text) for RCC_EnableAPB2PeriphReset
    n32g43x_opamp.o(.text) refers to n32g43x_rcc.o(.text) for RCC_EnableAPB1PeriphReset
    n32g43x_rcc.o(.text) refers to n32g43x_rcc.o(.constdata) for s_msiClockTable
    n32g43x_tim.o(.text) refers to n32g43x_rcc.o(.text) for RCC_EnableAPB2PeriphReset
    n32g43x_usart.o(.text) refers to n32g43x_rcc.o(.text) for RCC_EnableAPB2PeriphReset
    n32g43x_spi.o(.text) refers to n32g43x_rcc.o(.text) for RCC_EnableAPB2PeriphReset
    bsp_uart.o(.text) refers to n32g43x_rcc.o(.text) for RCC_EnableAPB2PeriphClk
    bsp_uart.o(.text) refers to n32g43x_gpio.o(.text) for GPIO_InitStruct
    bsp_uart.o(.text) refers to n32g43x_usart.o(.text) for USART_StructInit
    bsp_uart.o(.text) refers to misc.o(.text) for NVIC_Init
    bsp_uart.o(.text) refers to bsp_systick.o(.text) for bsp_delay_ms
    bsp_uart.o(.text) refers to bsp_uart.o(.bss) for com_irq_cb
    bsp_systick.o(.text) refers to system_n32g43x.o(.data) for SystemCoreClock
    bsp_systick.o(.text) refers to bsp_systick.o(.data) for systick_count
    n32g43x_it.o(.text) refers to bsp_adc_cb.o(.text) for bsp_adc_irq_cb
    n32g43x_it.o(.text) refers to bsp_systick.o(.data) for systick_count
    n32g43x_it.o(.text) refers to bsp_uart.o(.bss) for com_irq_cb
    n32g43x_it.o(.text) refers to bsp_pwm.o(.data) for pwm_irq_cb
    n32g43x_it.o(.text) refers to bsp_hall.o(.bss) for hall_irq_cb
    bsp_led.o(.text) refers to n32g43x_gpio.o(.text) for GPIO_InitPeripheral
    bsp_led.o(.text) refers to bsp_systick.o(.text) for bsp_delay_ms
    bsp_led.o(.text) refers to bsp_led.o(.data) for led_config
    bsp_key.o(.text) refers to n32g43x_rcc.o(.text) for RCC_EnableAPB2PeriphClk
    bsp_key.o(.text) refers to n32g43x_gpio.o(.text) for GPIO_InitPeripheral
    bsp_key.o(.text) refers to bsp_systick.o(.text) for bsp_systick_time_get
    bsp_key.o(.text) refers to printfa.o(i.__0printf) for __2printf
    bsp_key.o(.text) refers to bsp_key.o(.data) for key_config
    bsp_key.o(.text) refers to bsp_key.o(.bss) for key_st_sp_param
    bsp_opa.o(.text) refers to n32g43x_rcc.o(.text) for RCC_EnableAPB1PeriphClk
    bsp_opa.o(.text) refers to n32g43x_gpio.o(.text) for GPIO_InitStruct
    bsp_opa.o(.text) refers to n32g43x_opamp.o(.text) for OPAMP_SetVmSel
    bsp_dac.o(.text) refers to n32g43x_rcc.o(.text) for RCC_EnableAPB1PeriphClk
    bsp_dac.o(.text) refers to n32g43x_gpio.o(.text) for GPIO_InitStruct
    bsp_dac.o(.text) refers to n32g43x_dac.o(.text) for DAC_Init
    bsp_dac.o(.text) refers to bsp_systick.o(.text) for bsp_delay_ms
    bsp_timer.o(.text) refers to n32g43x_rcc.o(.text) for RCC_EnableAPB2PeriphClk
    bsp_pwm.o(.text) refers to n32g43x_rcc.o(.text) for RCC_EnableAPB2PeriphClk
    bsp_pwm.o(.text) refers to n32g43x_gpio.o(.text) for GPIO_InitStruct
    bsp_pwm.o(.text) refers to n32g43x_tim.o(.text) for TIM_DeInit
    bsp_pwm.o(.text) refers to misc.o(.text) for NVIC_Init
    bsp_pwm.o(.text) refers to bsp_pwm.o(.data) for TimerPeriod
    bsp_io.o(.text) refers to n32g43x_rcc.o(.text) for RCC_EnableAPB2PeriphClk
    bsp_io.o(.text) refers to n32g43x_gpio.o(.text) for GPIO_InitStruct
    bsp_adc.o(.text) refers to n32g43x_rcc.o(.text) for RCC_EnableAHBPeriphClk
    bsp_adc.o(.text) refers to n32g43x_gpio.o(.text) for GPIO_InitStruct
    bsp_adc.o(.text) refers to n32g43x_adc.o(.text) for ADC_Init
    bsp_adc.o(.text) refers to misc.o(.text) for NVIC_Init
    bsp_adc.o(.text) refers to n32g43x_dma.o(.text) for DMA_DeInit
    bsp_adc.o(.text) refers to bsp_adc.o(.data) for ADC_RegularConvertedValueTab
    bsp_hall.o(.text) refers to n32g43x_rcc.o(.text) for RCC_EnableAPB2PeriphClk
    bsp_hall.o(.text) refers to n32g43x_gpio.o(.text) for GPIO_InitStruct
    bsp_hall.o(.text) refers to n32g43x_exti.o(.text) for EXTI_InitPeripheral
    bsp_hall.o(.text) refers to misc.o(.text) for NVIC_Init
[...]
    ../clib/microlib/string/strncmp.c        0x00000000   Number         0  strncmp.o ABSOLUTE
    ../clib/microlib/stubs.s                 0x00000000   Number         0  iusefp.o ABSOLUTE
    ../fplib/microlib/d2f.c                  0x00000000   Number         0  d2f.o ABSOLUTE
    ../fplib/microlib/f2d.c                  0x00000000   Number         0  f2d.o ABSOLUTE
    ../fplib/microlib/fpadd.c                0x00000000   Number         0  dadd.o ABSOLUTE
    ../fplib/microlib/fpdiv.c                0x00000000   Number         0  ddiv.o ABSOLUTE
    ../fplib/microlib/fpepilogue.c           0x00000000   Number         0  depilogue.o ABSOLUTE
    ../fplib/microlib/fpepilogue.c           0x00000000   Number         0  fepilogue.o ABSOLUTE
    ../fplib/microlib/fpfix.c                0x00000000   Number         0  dfixul.o ABSOLUTE
    ../fplib/microlib/fpflt.c                0x00000000   Number         0  dflti.o ABSOLUTE
    ../fplib/microlib/fpmul.c                0x00000000   Number         0  dmul.o ABSOLUTE
    ../fplib/microlib/fpneg.c                0x00000000   Number         0  dneg.o ABSOLUTE
    ../mathlib/dunder.c                      0x00000000   Number         0  dunder.o ABSOLUTE
    ../mathlib/log.c                         0x00000000   Number         0  log.o ABSOLUTE
    ../mathlib/log.c                         0x00000000   Number         0  log_x.o ABSOLUTE
    ../mathlib/poly.c                        0x00000000   Number         0  poly.o ABSOLUTE
    ../mathlib/qnan.c                        0x00000000   Number         0  qnan.o ABSOLUTE
    ..\Libraries\Lib\src\misc.c              0x00000000   Number         0  misc.o ABSOLUTE
    ..\Libraries\Lib\src\n32g43x_adc.c       0x00000000   Number         0  n32g43x_adc.o ABSOLUTE
    ..\Libraries\Lib\src\n32g43x_can.c       0x00000000   Number         0  n32g43x_can.o ABSOLUTE
    ..\Libraries\Lib\src\n32g43x_comp.c      0x00000000   Number         0  n32g43x_comp.o ABSOLUTE
    ..\Libraries\Lib\src\n32g43x_dac.c       0x00000000   Number         0  n32g43x_dac.o ABSOLUTE
    ..\Libraries\Lib\src\n32g43x_dma.c       0x00000000   Number         0  n32g43x_dma.o ABSOLUTE
    ..\Libraries\Lib\src\n32g43x_exti.c      0x00000000   Number         0  n32g43x_exti.o ABSOLUTE
    ..\Libraries\Lib\src\n32g43x_flash.c     0x00000000   Number         0  n32g43x_flash.o ABSOLUTE
    ..\Libraries\Lib\src\n32g43x_gpio.c      0x00000000   Number         0  n32g43x_gpio.o ABSOLUTE
    ..\Libraries\Lib\src\n32g43x_opamp.c     0x00000000   Number         0  n32g43x_opamp.o ABSOLUTE
    ..\Libraries\Lib\src\n32g43x_rcc.c       0x00000000   Number         0  n32g43x_rcc.o ABSOLUTE
    ..\Libraries\Lib\src\n32g43x_spi.c       0x00000000   Number         0  n32g43x_spi.o ABSOLUTE
    ..\Libraries\Lib\src\n32g43x_tim.c       0x00000000   Number         0  n32g43x_tim.o ABSOLUTE
    ..\Libraries\Lib\src\n32g43x_usart.c     0x00000000   Number         0  n32g43x_usart.o ABSOLUTE
    ..\Libraries\Startup\startup_n32g43x.s   0x00000000   Number         0  startup_n32g43x.o ABSOLUTE
    ..\Libraries\SysConfig\system_n32g43x.c  0x00000000   Number         0  system_n32g43x.o ABSOLUTE
    ..\Source\App\analog_calcate.c           0x00000000   Number         0  analog_calcate.o ABSOLUTE
    ..\Source\App\function_check.c           0x00000000   Number         0  function_check.o ABSOLUTE
    ..\Source\App\main.c                     0x00000000   Number         0  main.o ABSOLUTE
    ..\Source\Bsp\bsp_adc.c                  0x00000000   Number         0  bsp_adc.o ABSOLUTE
    ..\Source\Bsp\bsp_dac.c                  0x00000000   Number         0  bsp_dac.o ABSOLUTE
    ..\Source\Bsp\bsp_hall.c                 0x00000000   Number         0  bsp_hall.o ABSOLUTE
    ..\Source\Bsp\bsp_io.c                   0x00000000   Number         0  bsp_io.o ABSOLUTE
    ..\Source\Bsp\bsp_key.c                  0x00000000   Number         0  bsp_key.o ABSOLUTE
    ..\Source\Bsp\bsp_led.c                  0x00000000   Number         0  bsp_led.o ABSOLUTE
    ..\Source\Bsp\bsp_opa.c                  0x00000000   Number         0  bsp_opa.o ABSOLUTE
    ..\Source\Bsp\bsp_pwm.c                  0x00000000   Number         0  bsp_pwm.o ABSOLUTE
    ..\Source\Bsp\bsp_systick.c              0x00000000   Number         0  bsp_systick.o ABSOLUTE
    ..\Source\Bsp\bsp_timer.c                0x00000000   Number         0  bsp_timer.o ABSOLUTE
    ..\Source\Bsp\bsp_uart.c                 0x00000000   Number         0  bsp_uart.o ABSOLUTE
    ..\Source\Bsp\n32g43x_it.c               0x00000000   Number         0  n32g43x_it.o ABSOLUTE
    ..\Source\Bsp_cb\bsp_adc_cb.c            0x00000000   Number         0  bsp_adc_cb.o ABSOLUTE
    ..\Source\Bsp_cb\bsp_hall_cb.c           0x00000000   Number         0  bsp_hall_cb.o ABSOLUTE
    ..\Source\Bsp_cb\bsp_pwm_cb.c            0x00000000   Number         0  bsp_pwm_cb.o ABSOLUTE
    ..\Source\Bsp_cb\bsp_uart_cb.c           0x00000000   Number         0  bsp_uart_cb.o ABSOLUTE
    ..\\Libraries\\Lib\\src\\misc.c          0x00000000   Number         0  misc.o ABSOLUTE
    ..\\Libraries\\Lib\\src\\n32g43x_adc.c   0x00000000   Number         0  n32g43x_adc.o ABSOLUTE
    ..\\Libraries\\Lib\\src\\n32g43x_can.c   0x00000000   Number         0  n32g43x_can.o ABSOLUTE
    ..\\Libraries\\Lib\\src\\n32g43x_comp.c  0x00000000   Number         0  n32g43x_comp.o ABSOLUTE
    ..\\Libraries\\Lib\\src\\n32g43x_dac.c   0x00000000   Number         0  n32g43x_dac.o ABSOLUTE
    ..\\Libraries\\Lib\\src\\n32g43x_dma.c   0x00000000   Number         0  n32g43x_dma.o ABSOLUTE
    ..\\Libraries\\Lib\\src\\n32g43x_exti.c  0x00000000   Number         0  n32g43x_exti.o ABSOLUTE
    ..\\Libraries\\Lib\\src\\n32g43x_flash.c 0x00000000   Number         0  n32g43x_flash.o ABSOLUTE
    ..\\Libraries\\Lib\\src\\n32g43x_gpio.c  0x00000000   Number         0  n32g43x_gpio.o ABSOLUTE
    ..\\Libraries\\Lib\\src\\n32g43x_opamp.c 0x00000000   Number         0  n32g43x_opamp.o ABSOLUTE
    ..\\Libraries\\Lib\\src\\n32g43x_rcc.c   0x00000000   Number         0  n32g43x_rcc.o ABSOLUTE
    ..\\Libraries\\Lib\\src\\n32g43x_spi.c   0x00000000   Number         0  n32g43x_spi.o ABSOLUTE
    ..\\Libraries\\Lib\\src\\n32g43x_tim.c   0x00000000   Number         0  n32g43x_tim.o ABSOLUTE
    ..\\Libraries\\Lib\\src\\n32g43x_usart.c 0x00000000   Number         0  n32g43x_usart.o ABSOLUTE
    ..\\Libraries\\SysConfig\\system_n32g43x.c 0x00000000   Number         0  system_n32g43x.o ABSOLUTE
    ..\\Source\\App\\analog_calcate.c        0x00000000   Number         0  analog_calcate.o ABSOLUTE
    ..\\Source\\App\\function_check.c        0x00000000   Number         0  function_check.o ABSOLUTE
    ..\\Source\\App\\main.c                  0x00000000   Number         0  main.o ABSOLUTE
    ..\\Source\\Bsp\\bsp_adc.c               0x00000000   Number         0  bsp_adc.o ABSOLUTE
    ..\\Source\\Bsp\\bsp_dac.c               0x00000000   Number         0  bsp_dac.o ABSOLUTE
    ..\\Source\\Bsp\\bsp_hall.c              0x00000000   Number         0  bsp_hall.o ABSOLUTE
    ..\\Source\\Bsp\\bsp_io.c                0x00000000   Number         0  bsp_io.o ABSOLUTE
    ..\\Source\\Bsp\\bsp_key.c               0x00000000   Number         0  bsp_key.o ABSOLUTE
    ..\\Source\\Bsp\\bsp_led.c               0x00000000   Number         0  bsp_led.o ABSOLUTE
    ..\\Source\\Bsp\\bsp_opa.c               0x00000000   Number         0  bsp_opa.o ABSOLUTE
    ..\\Source\\Bsp\\bsp_pwm.c               0x00000000   Number         0  bsp_pwm.o ABSOLUTE
    ..\\Source\\Bsp\\bsp_systick.c           0x00000000   Number         0  bsp_systick.o ABSOLUTE
    ..\\Source\\Bsp\\bsp_timer.c             0x00000000   Number         0  bsp_timer.o ABSOLUTE
    ..\\Source\\Bsp\\bsp_uart.c              0x00000000   Number         0  bsp_uart.o ABSOLUTE
    ..\\Source\\Bsp\\n32g43x_it.c            0x00000000   Number         0  n32g43x_it.o ABSOLUTE
    ..\\Source\\Bsp_cb\\bsp_adc_cb.c         0x00000000   Number         0  bsp_adc_cb.o ABSOLUTE
    ..\\Source\\Bsp_cb\\bsp_hall_cb.c        0x00000000   Number         0  bsp_hall_cb.o ABSOLUTE
    ..\\Source\\Bsp_cb\\bsp_pwm_cb.c         0x00000000   Number         0  bsp_pwm_cb.o ABSOLUTE
    ..\\Source\\Bsp_cb\\bsp_uart_cb.c        0x00000000   Number         0  bsp_uart_cb.o ABSOLUTE
    cdcmple.s                                0x00000000   Number         0  cdcmple.o ABSOLUTE
    cdrcmple.s                               0x00000000   Number         0  cdrcmple.o ABSOLUTE
    dc.s                                     0x00000000   Number         0  dc.o ABSOLUTE
    handlers.s                               0x00000000   Number         0  handlers.o ABSOLUTE
    init.s                                   0x00000000   Number         0  init.o ABSOLUTE
    RESET                                    0x08000000   Section      328  startup_n32g43x.o(RESET)
    .ARM.Collect$$$$00000000                 0x08000148   Section        0  entry.o(.ARM.Collect$$$$00000000)
    .ARM.Collect$$$$00000001                 0x08000148   Section        4  entry2.o(.ARM.Collect$$$$00000001)
    .ARM.Collect$$$$00000004                 0x0800014c   Section        4  entry5.o(.ARM.Collect$$$$00000004)
    .ARM.Collect$$$$00000008                 0x08000150   Section        0  entry7b.o(.ARM.Collect$$$$00000008)
    .ARM.Collect$$$$0000000A                 0x08000150   Section        0  entry8b.o(.ARM.Collect$$$$0000000A)
    .ARM.Collect$$$$0000000B                 0x08000150   Section        8  entry9a.o(.ARM.Collect$$$$0000000B)
    .ARM.Collect$$$$0000000E                 0x08000158   Section        4  entry12b.o(.ARM.Collect$$$$0000000E)
    .ARM.Collect$$$$0000000F                 0x0800015c   Section        0  entry10a.o(.ARM.Collect$$$$0000000F)
    .ARM.Collect$$$$00000011                 0x0800015c   Section        0  entry11a.o(.ARM.Collect$$$$00000011)
    .ARM.Collect$$$$00002712                 0x0800015c   Section        4  entry2.o(.ARM.Collect$$$$00002712)
    __lit__00000000                          0x0800015c   Data           4  entry2.o(.ARM.Collect$$$$00002712)
    .text                                    0x08000160   Section       36  startup_n32g43x.o(.text)
    $v0                                      0x08000160   Number         0  startup_n32g43x.o(.text)
    .text                                    0x08000184   Section        0  system_n32g43x.o(.text)
    SetSysClock                              0x08000185   Thumb Code   258  system_n32g43x.o(.text)
    .text                                    0x08000458   Section        0  misc.o(.text)
    .text                                    0x08000534   Section        0  n32g43x_adc.o(.text)
    .text                                    0x08000adc   Section        0  n32g43x_dac.o(.text)
    .text                                    0x08000c14   Section        0  n32g43x_dma.o(.text)
    .text                                    0x08000dcc   Section        0  n32g43x_exti.o(.text)
    .text                                    0x08000efc   Section        0  n32g43x_gpio.o(.text)
    .text                                    0x08001458   Section        0  n32g43x_opamp.o(.text)
    .text                                    0x080015d0   Section        0  n32g43x_rcc.o(.text)
    .text                                    0x08001dc8   Section        0  n32g43x_tim.o(.text)
    ConfigTI4                                0x08002281   Thumb Code   122  n32g43x_tim.o(.text)
    ConfigTI3                                0x0800230d   Thumb Code   114  n32g43x_tim.o(.text)
    ConfigTI2                                0x08002399   Thumb Code   122  n32g43x_tim.o(.text)
    ConfigTI1                                0x08002425   Thumb Code   110  n32g43x_tim.o(.text)
    .text                                    0x08002d58   Section        0  n32g43x_usart.o(.text)
    .text                                    0x08003108   Section        0  bsp_uart.o(.text)
    bsp_uart_rcc_config                      0x08003109   Thumb Code   106  bsp_uart.o(.text)
    bsp_uart_gpio_config                     0x08003173   Thumb Code   214  bsp_uart.o(.text)
    .text                                    0x08003464   Section        0  bsp_systick.o(.text)
    .text                                    0x080034fc   Section        0  n32g43x_it.o(.text)
    .text                                    0x08003588   Section        0  bsp_led.o(.text)
    bsp_led_toggle                           0x080035b7   Thumb Code    74  bsp_led.o(.text)
    .text                                    0x08003674   Section        0  bsp_key.o(.text)
    bsp_key_rcc_config                       0x08003675   Thumb Code    12  bsp_key.o(.text)
    .text                                    0x0800380c   Section        0  bsp_opa.o(.text)
    bsp_opa1_rcc_config                      0x0800380d   Thumb Code    20  bsp_opa.o(.text)
    bsp_opa1_gpio_config                     0x08003821   Thumb Code    78  bsp_opa.o(.text)
    bsp_opa1_conifg                          0x0800386f   Thumb Code    48  bsp_opa.o(.text)
    .text                                    0x080038b4   Section        0  bsp_dac.o(.text)
    bsp_dac_rcc_config                       0x080038b5   Thumb Code    20  bsp_dac.o(.text)
    bsp_dac_gpio_config                      0x080038c9   Thumb Code    34  bsp_dac.o(.text)
    bsp_dac_config                           0x080038eb   Thumb Code    52  bsp_dac.o(.text)
    .text                                    0x08003938   Section        0  bsp_pwm.o(.text)
    bsp_pwm_rcc_config                       0x08003939   Thumb Code    20  bsp_pwm.o(.text)
    bsp_pwm_io_config                        0x0800394d   Thumb Code   104  bsp_pwm.o(.text)
    bsp_pwm_config                           0x080039b5   Thumb Code   294  bsp_pwm.o(.text)
    .text                                    0x08003b90   Section        0  bsp_io.o(.text)
    .text                                    0x08003bc0   Section        0  bsp_adc.o(.text)
    bsp_adc_rcc_config                       0x08003bc1   Thumb Code    20  bsp_adc.o(.text)
    bsp_adc_gpio_config                      0x08003bd5   Thumb Code   114  bsp_adc.o(.text)
    bsp_adc_config                           0x08003c47   Thumb Code   254  bsp_adc.o(.text)
    bsp_adc_dma_config                       0x08003d45   Thumb Code    94  bsp_adc.o(.text)
    .text                                    0x08003dcc   Section        0  bsp_hall.o(.text)
    bsp_hall_rcc_config                      0x08003dcd   Thumb Code    12  bsp_hall.o(.text)
    bsp_hall_gpio_config                     0x08003dd9   Thumb Code    48  bsp_hall.o(.text)
    .text                                    0x08003f38   Section        0  bsp_adc_cb.o(.text)
    .text                                    0x08003fe8   Section        0  bsp_pwm_cb.o(.text)
    .text                                    0x0800404c   Section        0  bsp_uart_cb.o(.text)
    bsp_factory_cmd_analyse                  0x0800404d   Thumb Code    54  bsp_uart_cb.o(.text)
    .text                                    0x080041b0   Section        0  bsp_hall_cb.o(.text)
    .text                                    0x080041f4   Section        0  main.o(.text)
    .text                                    0x08004290   Section        0  function_check.o(.text)
    .text                                    0x080042c0   Section        0  analog_calcate.o(.text)
    .text                                    0x08004530   Section        0  strncmp.o(.text)
    .text                                    0x0800454e   Section        0  dadd.o(.text)
    .text                                    0x0800469c   Section        0  dmul.o(.text)
    .text                                    0x08004780   Section        0  ddiv.o(.text)
    .text                                    0x0800485e   Section        0  f2d.o(.text)
    .text                                    0x08004884   Section        0  d2f.o(.text)
    .text                                    0x080048bc   Section        0  uidiv.o(.text)
    .text                                    0x080048e8   Section        0  uldiv.o(.text)
    .text                                    0x0800494a   Section        0  llshl.o(.text)
    .text                                    0x08004968   Section        0  llsshr.o(.text)
    .text                                    0x0800498c   Section        0  fepilogue.o(.text)
    .text                                    0x0800498c   Section        0  iusefp.o(.text)
    .text                                    0x080049fa   Section        0  depilogue.o(.text)
    .text                                    0x08004ab4   Section        0  dflti.o(.text)
    .text                                    0x08004ad6   Section        0  dfixul.o(.text)
    .text                                    0x08004b08   Section       48  cdcmple.o(.text)
    .text                                    0x08004b38   Section       48  cdrcmple.o(.text)
    .text                                    0x08004b68   Section       36  init.o(.text)
    .text                                    0x08004b8c   Section        0  llushr.o(.text)
    i.__0printf                              0x08004bac   Section        0  printfa.o(i.__0printf)
    i.__hardfp_log                           0x08004bd0   Section        0  log.o(i.__hardfp_log)
    i.__kernel_poly                          0x08004f94   Section        0  poly.o(i.__kernel_poly)
    i.__mathlib_dbl_divzero                  0x08005090   Section        0  dunder.o(i.__mathlib_dbl_divzero)
    i.__mathlib_dbl_infnan                   0x080050c0   Section        0  dunder.o(i.__mathlib_dbl_infnan)
    i.__mathlib_dbl_invalid                  0x080050d8   Section        0  dunder.o(i.__mathlib_dbl_invalid)
    i.__scatterload_copy                     0x080050f8   Section       14  handlers.o(i.__scatterload_copy)
    i.__scatterload_null                     0x08005106   Section        2  handlers.o(i.__scatterload_null)
    i.__scatterload_zeroinit                 0x08005108   Section       14  handlers.o(i.__scatterload_zeroinit)
    i.__set_errno                            0x08005118   Section        0  errno.o(i.__set_errno)
    i._fp_digits                             0x08005124   Section        0  printfa.o(i._fp_digits)
    _fp_digits                               0x08005125   Thumb Code   366  printfa.o(i._fp_digits)
    i._printf_core                           0x080052a8   Section        0  printfa.o(i._printf_core)
    _printf_core                             0x080052a9   Thumb Code  1704  printfa.o(i._printf_core)
    i._printf_post_padding                   0x0800595c   Section        0  printfa.o(i._printf_post_padding)
    _printf_post_padding                     0x0800595d   Thumb Code    36  printfa.o(i._printf_post_padding)
    i._printf_pre_padding                    0x08005980   Section        0  printfa.o(i._printf_pre_padding)
    _printf_pre_padding                      0x08005981   Thumb Code    46  printfa.o(i._printf_pre_padding)
    .constdata                               0x080059b0   Section       44  system_n32g43x.o(.constdata)
    .constdata                               0x080059dc   Section       92  n32g43x_rcc.o(.constdata)
    s_ApbAhbPresTable                        0x080059dc   Data          16  n32g43x_rcc.o(.constdata)
    s_AdcHclkPresTable                       0x080059ec   Data          16  n32g43x_rcc.o(.constdata)
    s_AdcPllClkPresTable                     0x080059fc   Data          32  n32g43x_rcc.o(.constdata)
    s_msiClockTable                          0x08005a1c   Data          28  n32g43x_rcc.o(.constdata)
    .constdata                               0x08005a38   Section       56  log.o(.constdata)
    Lg2                                      0x08005a38   Data          24  log.o(.constdata)
    Lg                                       0x08005a50   Data          32  log.o(.constdata)
    .constdata                               0x08005a70   Section        8  qnan.o(.constdata)
    .data                                    0x20000000   Section        4  system_n32g43x.o(.data)
    .data                                    0x20000004   Section        4  bsp_systick.o(.data)
    .data                                    0x20000008   Section       96  bsp_led.o(.data)
    led_config                               0x20000008   Data          96  bsp_led.o(.data)
    .data                                    0x20000068   Section       72  bsp_key.o(.data)
    key_config                               0x20000068   Data          72  bsp_key.o(.data)
    .data                                    0x200000b0   Section       10  bsp_pwm.o(.data)
    TimerPeriod                              0x200000b8   Data           2  bsp_pwm.o(.data)
    .data                                    0x200000bc   Section       22  bsp_adc.o(.data)
    .data                                    0x200000d4   Section        4  bsp_adc_cb.o(.data)
    .data                                    0x200000d8   Section        2  bsp_pwm_cb.o(.data)
    test_num                                 0x200000d8   Data           2  bsp_pwm_cb.o(.data)
    .data                                    0x200000dc   Section        6  bsp_uart_cb.o(.data)
    findex                                   0x200000dc   Data           4  bsp_uart_cb.o(.data)
    len                                      0x200000e1   Data           1  bsp_uart_cb.o(.data)
    .data                                    0x200000e4   Section       12  bsp_hall_cb.o(.data)
    .data                                    0x200000f0   Section        4  analog_calcate.o(.data)
    timeout                                  0x200000f0   Data           4  analog_calcate.o(.data)
    .data                                    0x200000f4   Section        4  stdout.o(.data)
    .data                                    0x200000f8   Section        4  errno.o(.data)
    _errno                                   0x200000f8   Data           4  errno.o(.data)
    .bss                                     0x200000fc   Section       12  bsp_uart.o(.bss)
    .bss                                     0x20000108   Section       24  bsp_key.o(.bss)
    .bss                                     0x20000120   Section       16  bsp_hall.o(.bss)
    .bss                                     0x20000130   Section       14  bsp_adc_cb.o(.bss)
    .bss                                     0x2000013e   Section     1056  bsp_uart_cb.o(.bss)
    rs485_recv_buf                           0x2000013e   Data        1024  bsp_uart_cb.o(.bss)
    recv_buf                                 0x2000053e   Data          32  bsp_uart_cb.o(.bss)
    .bss                                     0x20000560   Section       28  analog_calcate.o(.bss)
    STACK                                    0x20000580   Section     5376  startup_n32g43x.o(STACK)

    Global Symbols

    Symbol Name                              Value     Ov Type        Size  Object(Section)

    BuildAttributes$$THM_ISAv4$E$P$D$K$B$S$7EM$VFPi3$EXTD16$VFPS$VFMA$PE$A:L22UL41UL21$X:L11$S22US41US21$IEEE1$IW$USESV6$~STKCKD$USESV7$~SHL$OTIME$ROPI$IEEEX$EBA8$MICROLIB$REQ8$PRES8$EABIv2 0x00000000   Number         0  anon$$obj.o ABSOLUTE
    __ARM_use_no_argv                        0x00000000   Number         0  main.o ABSOLUTE
    _printf_a                                0x00000000   Number         0  stubs.o ABSOLUTE
    _printf_c                                0x00000000   Number         0  stubs.o ABSOLUTE
    _printf_charcount                        0x00000000   Number         0  stubs.o ABSOLUTE
    _printf_d                                0x00000000   Number         0  stubs.o ABSOLUTE
    _printf_e                                0x00000000   Number         0  stubs.o ABSOLUTE
    _printf_f                                0x00000000   Number         0  stubs.o ABSOLUTE
    _printf_flags                            0x00000000   Number         0  stubs.o ABSOLUTE
    _printf_fp_dec                           0x00000000   Number         0  stubs.o ABSOLUTE
    _printf_fp_hex                           0x00000000   Number         0  stubs.o ABSOLUTE
    _printf_g                                0x00000000   Number         0  stubs.o ABSOLUTE
    _printf_i                                0x00000000   Number         0  stubs.o ABSOLUTE
    _printf_int_dec                          0x00000000   Number         0  stubs.o ABSOLUTE
    _printf_l                                0x00000000   Number         0  stubs.o ABSOLUTE
    _printf_lc                               0x00000000   Number         0  stubs.o ABSOLUTE
    _printf_ll                               0x00000000   Number         0  stubs.o ABSOLUTE
    _printf_lld                              0x00000000   Number         0  stubs.o ABSOLUTE
    _printf_lli                              0x00000000   Number         0  stubs.o ABSOLUTE
    _printf_llo                              0x00000000   Number         0  stubs.o ABSOLUTE
    _printf_llu                              0x00000000   Number         0  stubs.o ABSOLUTE
    _printf_llx                              0x00000000   Number         0  stubs.o ABSOLUTE
    _printf_longlong_dec                     0x00000000   Number         0  stubs.o ABSOLUTE
    _printf_longlong_hex                     0x00000000   Number         0  stubs.o ABSOLUTE
    _printf_longlong_oct                     0x00000000   Number         0  stubs.o ABSOLUTE
    _printf_ls                               0x00000000   Number         0  stubs.o ABSOLUTE
    _printf_mbtowc                           0x00000000   Number         0  stubs.o ABSOLUTE
    _printf_n                                0x00000000   Number         0  stubs.o ABSOLUTE
    _printf_o                                0x00000000   Number         0  stubs.o ABSOLUTE
    _printf_p                                0x00000000   Number         0  stubs.o ABSOLUTE
    _printf_percent                          0x00000000   Number         0  stubs.o ABSOLUTE
    _printf_pre_padding                      0x00000000   Number         0  stubs.o ABSOLUTE
    _printf_return_value                     0x00000000   Number         0  stubs.o ABSOLUTE
    _printf_s                                0x00000000   Number         0  stubs.o ABSOLUTE
    _printf_sizespec                         0x00000000   Number         0  stubs.o ABSOLUTE
    _printf_str                              0x00000000   Number         0  stubs.o ABSOLUTE
    _printf_truncate_signed                  0x00000000   Number         0  stubs.o ABSOLUTE
    _printf_truncate_unsigned                0x00000000   Number         0  stubs.o ABSOLUTE
    _printf_u                                0x00000000   Number         0  stubs.o ABSOLUTE
    _printf_wc                               0x00000000   Number         0  stubs.o ABSOLUTE
    _printf_wctomb                           0x00000000   Number         0  stubs.o ABSOLUTE
    _printf_widthprec                        0x00000000   Number         0  stubs.o ABSOLUTE
    _printf_x                                0x00000000   Number         0  stubs.o ABSOLUTE
    __arm_fini_                               - Undefined Weak Reference
    __cpp_initialize__aeabi_                  - Undefined Weak Reference
    __cxa_finalize                            - Undefined Weak Reference
    __decompress                              - Undefined Weak Reference
    _clock_init                               - Undefined Weak Reference
    _microlib_exit                            - Undefined Weak Reference
    __Vectors_Size                           0x00000148   Number         0  startup_n32g43x.o ABSOLUTE
    __Vectors                                0x08000000   Data           4  startup_n32g43x.o(RESET)
    __Vectors_End                            0x08000148   Data           0  startup_n32g43x.o(RESET)
    __main                                   0x08000149   Thumb Code     0  entry.o(.ARM.Collect$$$$00000000)
    _main_stk                                0x08000149   Thumb Code     0  entry2.o(.ARM.Collect$$$$00000001)
    _main_scatterload                        0x0800014d   Thumb Code     0  entry5.o(.ARM.Collect$$$$00000004)
    __main_after_scatterload                 0x08000151   Thumb Code     0  entry5.o(.ARM.Collect$$$$00000004)
    _main_clock                              0x08000151   Thumb Code     0  entry7b.o(.ARM.Collect$$$$00000008)
    _main_cpp_init                           0x08000151   Thumb Code     0  entry8b.o(.ARM.Collect$$$$0000000A)
    _main_init                               0x08000151   Thumb Code     0  entry9a.o(.ARM.Collect$$$$0000000B)
    __rt_lib_shutdown_fini                   0x08000159   Thumb Code     0  entry12b.o(.ARM.Collect$$$$0000000E)
    __rt_final_cpp                           0x0800015d   Thumb Code     0  entry10a.o(.ARM.Collect$$$$0000000F)
    __rt_final_exit                          0x0800015d   Thumb Code     0  entry11a.o(.ARM.Collect$$$$00000011)
    Reset_Handler                            0x08000161   Thumb Code     8  startup_n32g43x.o(.text)
    PendSV_Handler                           0x08000177   Thumb Code     2  startup_n32g43x.o(.text)
    CAN_RX1_IRQHandler                       0x0800017b   Thumb Code     0  startup_n32g43x.o(.text)
    CAN_SCE_IRQHandler                       0x0800017b   Thumb Code     0  startup_n32g43x.o(.text)
    CAN_TX_IRQHandler                        0x0800017b   Thumb Code     0  startup_n32g43x.o(.text)
    COMP_1_2_IRQHandler                      0x0800017b   Thumb Code     0  startup_n32g43x.o(.text)
    DMA_Channel1_IRQHandler                  0x0800017b   Thumb Code     0  startup_n32g43x.o(.text)
    DMA_Channel2_IRQHandler                  0x0800017b   Thumb Code     0  startup_n32g43x.o(.text)
    DMA_Channel3_IRQHandler                  0x0800017b   Thumb Code     0  startup_n32g43x.o(.text)
    DMA_Channel4_IRQHandler                  0x0800017b   Thumb Code     0  startup_n32g43x.o(.text)
    DMA_Channel5_IRQHandler                  0x0800017b   Thumb Code     0  startup_n32g43x.o(.text)
    DMA_Channel6_IRQHandler                  0x0800017b   Thumb Code     0  startup_n32g43x.o(.text)
    DMA_Channel7_IRQHandler                  0x0800017b   Thumb Code     0  startup_n32g43x.o(.text)
    DMA_Channel8_IRQHandler                  0x0800017b   Thumb Code     0  startup_n32g43x.o(.text)
    EXTI0_IRQHandler                         0x0800017b   Thumb Code     0  startup_n32g43x.o(.text)
    EXTI15_10_IRQHandler                     0x0800017b   Thumb Code     0  startup_n32g43x.o(.text)
    EXTI4_IRQHandler                         0x0800017b   Thumb Code     0  startup_n32g43x.o(.text)
    EXTI9_5_IRQHandler                       0x0800017b   Thumb Code     0  startup_n32g43x.o(.text)
    FLASH_IRQHandler                         0x0800017b   Thumb Code     0  startup_n32g43x.o(.text)
    I2C1_ER_IRQHandler                       0x0800017b   Thumb Code     0  startup_n32g43x.o(.text)
    I2C1_EV_IRQHandler                       0x0800017b   Thumb Code     0  startup_n32g43x.o(.text)
    I2C2_ER_IRQHandler                       0x0800017b   Thumb Code     0  startup_n32g43x.o(.text)
    I2C2_EV_IRQHandler                       0x0800017b   Thumb Code     0  startup_n32g43x.o(.text)
    LPTIM_WKUP_IRQHandler                    0x0800017b   Thumb Code     0  startup_n32g43x.o(.text)
    LPUART_IRQHandler                        0x0800017b   Thumb Code     0  startup_n32g43x.o(.text)
    LPUART_WKUP_IRQHandler                   0x0800017b   Thumb Code     0  startup_n32g43x.o(.text)
    MMU_IRQHandler                           0x0800017b   Thumb Code     0  startup_n32g43x.o(.text)
    PVD_IRQHandler                           0x0800017b   Thumb Code     0  startup_n32g43x.o(.text)
    RAMC_PERR_IRQHandler                     0x0800017b   Thumb Code     0  startup_n32g43x.o(.text)
    RCC_IRQHandler                           0x0800017b   Thumb Code     0  startup_n32g43x.o(.text)
    RTCAlarm_IRQHandler                      0x0800017b   Thumb Code     0  startup_n32g43x.o(.text)
    RTC_WKUP_IRQHandler                      0x0800017b   Thumb Code     0  startup_n32g43x.o(.text)
    SAC_IRQHandler                           0x0800017b   Thumb Code     0  startup_n32g43x.o(.text)
    SPI1_IRQHandler                          0x0800017b   Thumb Code     0  startup_n32g43x.o(.text)
    SPI2_IRQHandler                          0x0800017b   Thumb Code     0  startup_n32g43x.o(.text)
    TAMPER_IRQHandler                        0x0800017b   Thumb Code     0  startup_n32g43x.o(.text)
    TIM1_CC_IRQHandler                       0x0800017b   Thumb Code     0  startup_n32g43x.o(.text)
    TIM1_TRG_COM_IRQHandler                  0x0800017b   Thumb Code     0  startup_n32g43x.o(.text)
    TIM2_IRQHandler                          0x0800017b   Thumb Code     0  startup_n32g43x.o(.text)
    TIM3_IRQHandler                          0x0800017b   Thumb Code     0  startup_n32g43x.o(.text)
    TIM4_IRQHandler                          0x0800017b   Thumb Code     0  startup_n32g43x.o(.text)
    TIM5_IRQHandler                          0x0800017b   Thumb Code     0  startup_n32g43x.o(.text)
    TIM6_IRQHandler                          0x0800017b   Thumb Code     0  startup_n32g43x.o(.text)
    TIM7_IRQHandler                          0x0800017b   Thumb Code     0  startup_n32g43x.o(.text)
    TIM8_BRK_IRQHandler                      0x0800017b   Thumb Code     0  startup_n32g43x.o(.text)
    TIM8_CC_IRQHandler                       0x0800017b   Thumb Code     0  startup_n32g43x.o(.text)
    TIM8_TRG_COM_IRQHandler                  0x0800017b   Thumb Code     0  startup_n32g43x.o(.text)
    TIM9_IRQHandler                          0x0800017b   Thumb Code     0  startup_n32g43x.o(.text)
    TSC_IRQHandler                           0x0800017b   Thumb Code     0  startup_n32g43x.o(.text)
    UCDR_IRQHandler                          0x0800017b   Thumb Code     0  startup_n32g43x.o(.text)
    USART1_IRQHandler                        0x0800017b   Thumb Code     0  startup_n32g43x.o(.text)
    USART2_IRQHandler                        0x0800017b   Thumb Code     0  startup_n32g43x.o(.text)
    USBWakeUp_IRQHandler                     0x0800017b   Thumb Code     0  startup_n32g43x.o(.text)
    USB_HP_IRQHandler                        0x0800017b   Thumb Code     0  startup_n32g43x.o(.text)
    USB_LP_IRQHandler                        0x0800017b   Thumb Code     0  startup_n32g43x.o(.text)
    WWDG_IRQHandler                          0x0800017b   Thumb Code     0  startup_n32g43x.o(.text)
    SystemInit                               0x08000287   Thumb Code   160  system_n32g43x.o(.text)
    SystemCoreClockUpdate                    0x08000327   Thumb Code   236  system_n32g43x.o(.text)
    NVIC_PriorityGroupConfig                 0x08000459   Thumb Code    10  misc.o(.text)
    NVIC_Init                                0x08000463   Thumb Code   100  misc.o(.text)
    NVIC_SetVectorTable                      0x080004c7   Thumb Code    14  misc.o(.text)
    NVIC_SystemLPConfig                      0x080004d5   Thumb Code    34  misc.o(.text)
    SysTick_CLKSourceConfig                  0x080004f7   Thumb Code    40  misc.o(.text)
    ADC_DeInit                               0x08000535   Thumb Code    28  n32g43x_adc.o(.text)
    ADC_Init                                 0x08000551   Thumb Code    82  n32g43x_adc.o(.text)
    ADC_InitStruct                           0x080005a3   Thumb Code    16  n32g43x_adc.o(.text)
    ADC_Enable                               0x080005b3   Thumb Code    36  n32g43x_adc.o(.text)
    ADC_EnableDMA                            0x080005d7   Thumb Code    22  n32g43x_adc.o(.text)
    ADC_ConfigInt                            0x080005ed   Thumb Code    24  n32g43x_adc.o(.text)
    ADC_StartCalibration                     0x08000605   Thumb Code    28  n32g43x_adc.o(.text)
    ADC_GetCalibrationStatus                 0x08000621   Thumb Code    26  n32g43x_adc.o(.text)
    ADC_EnableSoftwareStartConv              0x0800063b   Thumb Code    22  n32g43x_adc.o(.text)
    ADC_GetSoftwareStartConvStatus           0x08000651   Thumb Code    20  n32g43x_adc.o(.text)
    ADC_ConfigDiscModeChannelCount           0x08000665   Thumb Code    24  n32g43x_adc.o(.text)
    ADC_EnableDiscMode                       0x0800067d   Thumb Code    22  n32g43x_adc.o(.text)
    ADC_ConfigRegularChannel                 0x08000693   Thumb Code   198  n32g43x_adc.o(.text)
    ADC_EnableExternalTrigConv               0x08000759   Thumb Code    22  n32g43x_adc.o(.text)
    ADC_GetDat                               0x0800076f   Thumb Code     8  n32g43x_adc.o(.text)
    ADC_EnableAutoInjectedConv               0x08000777   Thumb Code    22  n32g43x_adc.o(.text)
    ADC_EnableInjectedDiscMode               0x0800078d   Thumb Code    22  n32g43x_adc.o(.text)
    ADC_ConfigExternalTrigInjectedConv       0x080007a3   Thumb Code    16  n32g43x_adc.o(.text)
    ADC_EnableExternalTrigInjectedConv       0x080007b3   Thumb Code    22  n32g43x_adc.o(.text)
    ADC_EnableSoftwareStartInjectedConv      0x080007c9   Thumb Code    22  n32g43x_adc.o(.text)
    ADC_GetSoftwareStartInjectedConvCmdStatus 0x080007df   Thumb Code    20  n32g43x_adc.o(.text)
    ADC_ConfigInjectedChannel                0x080007f3   Thumb Code   146  n32g43x_adc.o(.text)
    ADC_ConfigInjectedSequencerLength        0x08000885   Thumb Code    24  n32g43x_adc.o(.text)
    ADC_SetInjectedOffsetDat                 0x0800089d   Thumb Code    20  n32g43x_adc.o(.text)
    ADC_GetInjectedConversionDat             0x080008b1   Thumb Code    28  n32g43x_adc.o(.text)
    ADC_ConfigAnalogWatchdogWorkChannelType  0x080008cd   Thumb Code    16  n32g43x_adc.o(.text)
    ADC_ConfigAnalogWatchdogThresholds       0x080008dd   Thumb Code     6  n32g43x_adc.o(.text)
    ADC_ConfigAnalogWatchdogSingleChannel    0x080008e3   Thumb Code    16  n32g43x_adc.o(.text)
    ADC_EnableTempSensorVrefint              0x080008f3   Thumb Code   114  n32g43x_adc.o(.text)
    ADC_GetFlagStatus                        0x08000965   Thumb Code    18  n32g43x_adc.o(.text)
    ADC_ClearFlag                            0x08000977   Thumb Code     8  n32g43x_adc.o(.text)
    ADC_GetIntStatus                         0x0800097f   Thumb Code    36  n32g43x_adc.o(.text)
    ADC_ClearIntPendingBit                   0x080009a3   Thumb Code    12  n32g43x_adc.o(.text)
    ADC_InitEx                               0x080009af   Thumb Code   124  n32g43x_adc.o(.text)
    ADC_GetFlagStatusNew                     0x08000a2b   Thumb Code    18  n32g43x_adc.o(.text)
    ADC_SetBypassCalibration                 0x08000a3d   Thumb Code    22  n32g43x_adc.o(.text)
    ADC_SetConvResultBitNum                  0x08000a53   Thumb Code    16  n32g43x_adc.o(.text)
    ADC_AHB_Clock_Mode_Config                0x08000a63   Thumb Code    10  n32g43x_adc.o(.text)
    ADC_PLL_Clock_Mode_Config                0x08000a6d   Thumb Code    10  n32g43x_adc.o(.text)
    ADC_ConfigClk                            0x08000a77   Thumb Code    58  n32g43x_adc.o(.text)
    Reference_Voltage_Switch                 0x08000ab1   Thumb Code    36  n32g43x_adc.o(.text)
    DAC_DeInit                               0x08000add   Thumb Code    22  n32g43x_dac.o(.text)
    DAC_Init                                 0x08000af3   Thumb Code    40  n32g43x_dac.o(.text)
    DAC_ClearStruct                          0x08000b1b   Thumb Code    14  n32g43x_dac.o(.text)
    DAC_Enable                               0x08000b29   Thumb Code    30  n32g43x_dac.o(.text)
    DAC_DmaEnable                            0x08000b47   Thumb Code    30  n32g43x_dac.o(.text)
    DAC_SoftTrgEnable                        0x08000b65   Thumb Code    38  n32g43x_dac.o(.text)
    DAC_SoftwareTrgEnable                    0x08000b8b   Thumb Code    38  n32g43x_dac.o(.text)
    DAC_WaveGenerationEnable                 0x08000bb1   Thumb Code    46  n32g43x_dac.o(.text)
    DAC_SetChData                            0x08000bdf   Thumb Code    26  n32g43x_dac.o(.text)
    DAC_GetOutputDataVal                     0x08000bf9   Thumb Code    24  n32g43x_dac.o(.text)
    DMA_DeInit                               0x08000c15   Thumb Code   226  n32g43x_dma.o(.text)
    DMA_Init                                 0x08000cf7   Thumb Code    60  n32g43x_dma.o(.text)
    DMA_StructInit                           0x08000d33   Thumb Code    26  n32g43x_dma.o(.text)
    DMA_EnableChannel                        0x08000d4d   Thumb Code    24  n32g43x_dma.o(.text)
    DMA_ConfigInt                            0x08000d65   Thumb Code    18  n32g43x_dma.o(.text)
    DMA_SetCurrDataCounter                   0x08000d77   Thumb Code     4  n32g43x_dma.o(.text)
    DMA_GetCurrDataCounter                   0x08000d7b   Thumb Code     8  n32g43x_dma.o(.text)
    DMA_GetFlagStatus                        0x08000d83   Thumb Code    24  n32g43x_dma.o(.text)
    DMA_ClearFlag                            0x08000d9b   Thumb Code     4  n32g43x_dma.o(.text)
    DMA_GetIntStatus                         0x08000d9f   Thumb Code    24  n32g43x_dma.o(.text)
    DMA_ClrIntPendingBit                     0x08000db7   Thumb Code     4  n32g43x_dma.o(.text)
    DMA_RequestRemap                         0x08000dbb   Thumb Code    14  n32g43x_dma.o(.text)
    EXTI_DeInit                              0x08000dcd   Thumb Code    30  n32g43x_exti.o(.text)
    EXTI_InitPeripheral                      0x08000deb   Thumb Code   142  n32g43x_exti.o(.text)
    EXTI_InitStruct                          0x08000e79   Thumb Code    16  n32g43x_exti.o(.text)
    EXTI_TriggerSWInt                        0x08000e89   Thumb Code    16  n32g43x_exti.o(.text)
    EXTI_GetStatusFlag                       0x08000e99   Thumb Code    22  n32g43x_exti.o(.text)
    EXTI_ClrStatusFlag                       0x08000eaf   Thumb Code     8  n32g43x_exti.o(.text)
    EXTI_GetITStatus                         0x08000eb7   Thumb Code    34  n32g43x_exti.o(.text)
    EXTI_ClrITPendBit                        0x08000ed9   Thumb Code     8  n32g43x_exti.o(.text)
    EXTI_RTCTimeStampSel                     0x08000ee1   Thumb Code    24  n32g43x_exti.o(.text)
    GPIO_DeInit                              0x08000efd   Thumb Code   342  n32g43x_gpio.o(.text)
    GPIO_AFIOInitDefault                     0x08001053   Thumb Code    20  n32g43x_gpio.o(.text)
    GPIO_InitPeripheral                      0x08001067   Thumb Code   484  n32g43x_gpio.o(.text)
    GPIO_InitStruct                          0x0800124b   Thumb Code    24  n32g43x_gpio.o(.text)
    GPIO_ReadInputDataBit                    0x08001263   Thumb Code    18  n32g43x_gpio.o(.text)
    GPIO_ReadInputData                       0x08001275   Thumb Code     8  n32g43x_gpio.o(.text)
    GPIO_ReadOutputDataBit                   0x0800127d   Thumb Code    18  n32g43x_gpio.o(.text)
    GPIO_ReadOutputData                      0x0800128f   Thumb Code     8  n32g43x_gpio.o(.text)
    GPIO_SetBits                             0x08001297   Thumb Code     4  n32g43x_gpio.o(.text)
    GPIO_SetBitsHigh16                       0x0800129b   Thumb Code     4  n32g43x_gpio.o(.text)
    GPIO_ResetBits                           0x0800129f   Thumb Code     4  n32g43x_gpio.o(.text)
    GPIO_WriteBit                            0x080012a3   Thumb Code    10  n32g43x_gpio.o(.text)
    GPIO_Write                               0x080012ad   Thumb Code     4  n32g43x_gpio.o(.text)
    GPIO_ConfigPinLock                       0x080012b1   Thumb Code    18  n32g43x_gpio.o(.text)
    GPIO_ConfigPinRemap                      0x080012c3   Thumb Code   120  n32g43x_gpio.o(.text)
    GPIO_ConfigEventOutput                   0x0800133b   Thumb Code    84  n32g43x_gpio.o(.text)
    GPIO_CtrlEventOutput                     0x0800138f   Thumb Code     6  n32g43x_gpio.o(.text)
    GPIO_ConfigEXTILine                      0x08001395   Thumb Code    58  n32g43x_gpio.o(.text)
    AFIO_ConfigSPINSSMode                    0x080013cf   Thumb Code    30  n32g43x_gpio.o(.text)
    AFIO_ConfigADCExternalTrigRemap          0x080013ed   Thumb Code    82  n32g43x_gpio.o(.text)
    OPAMP_DeInit                             0x08001459   Thumb Code    22  n32g43x_opamp.o(.text)
    OPAMP_StructInit                         0x0800146f   Thumb Code    20  n32g43x_opamp.o(.text)
    OPAMP_Init                               0x08001483   Thumb Code   106  n32g43x_opamp.o(.text)
    OPAMP_Enable                             0x080014ed   Thumb Code    30  n32g43x_opamp.o(.text)
    OPAMP_SetPgaGain                         0x0800150b   Thumb Code    28  n32g43x_opamp.o(.text)
    OPAMP_SetVpSecondSel                     0x08001527   Thumb Code    28  n32g43x_opamp.o(.text)
    OPAMP_SetVmSecondSel                     0x08001543   Thumb Code    28  n32g43x_opamp.o(.text)
    OPAMP_SetVpSel                           0x0800155f   Thumb Code    28  n32g43x_opamp.o(.text)
    OPAMP_SetVmSel                           0x0800157b   Thumb Code    28  n32g43x_opamp.o(.text)
    OPAMP_IsCalOutHigh                       0x08001597   Thumb Code    16  n32g43x_opamp.o(.text)
    OPAMP_CalibrationEnable                  0x080015a7   Thumb Code    30  n32g43x_opamp.o(.text)
    OPAMP_SetLock                            0x080015c5   Thumb Code     6  n32g43x_opamp.o(.text)
    RCC_DeInit                               0x080015d1   Thumb Code    80  n32g43x_rcc.o(.text)
    RCC_ConfigHse                            0x08001621   Thumb Code    70  n32g43x_rcc.o(.text)
    RCC_GetFlagStatus                        0x08001667   Thumb Code    56  n32g43x_rcc.o(.text)
    RCC_WaitHseStable                        0x0800169f   Thumb Code    56  n32g43x_rcc.o(.text)
    RCC_ConfigHsi                            0x080016d7   Thumb Code    34  n32g43x_rcc.o(.text)
    RCC_WaitHsiStable                        0x080016f9   Thumb Code    56  n32g43x_rcc.o(.text)
    RCC_SetHsiCalibValue                     0x08001731   Thumb Code    20  n32g43x_rcc.o(.text)
    RCC_EnableHsi                            0x08001745   Thumb Code     6  n32g43x_rcc.o(.text)
    RCC_ConfigMsi                            0x0800174b   Thumb Code    58  n32g43x_rcc.o(.text)
    RCC_WaitMsiStable                        0x08001785   Thumb Code    56  n32g43x_rcc.o(.text)
    RCC_SetMsiCalibValue                     0x080017bd   Thumb Code    20  n32g43x_rcc.o(.text)
    RCC_EnableMsi                            0x080017d1   Thumb Code     6  n32g43x_rcc.o(.text)
    RCC_ConfigPll                            0x080017d7   Thumb Code    56  n32g43x_rcc.o(.text)
    RCC_EnablePll                            0x0800180f   Thumb Code     6  n32g43x_rcc.o(.text)
    RCC_ConfigSysclk                         0x08001815   Thumb Code    18  n32g43x_rcc.o(.text)
    RCC_GetSysclkSrc                         0x08001827   Thumb Code    10  n32g43x_rcc.o(.text)
    RCC_ConfigHclk                           0x08001831   Thumb Code    18  n32g43x_rcc.o(.text)
    RCC_ConfigPclk1                          0x08001843   Thumb Code    18  n32g43x_rcc.o(.text)
    RCC_ConfigPclk2                          0x08001855   Thumb Code    20  n32g43x_rcc.o(.text)
    RCC_ConfigInt                            0x08001869   Thumb Code    30  n32g43x_rcc.o(.text)
    RCC_ConfigUsbClk                         0x08001887   Thumb Code    16  n32g43x_rcc.o(.text)
    RCC_ConfigTim18Clk                       0x08001897   Thumb Code    18  n32g43x_rcc.o(.text)
    RCC_ConfigRngcClk                        0x080018a9   Thumb Code    18  n32g43x_rcc.o(.text)
    RCC_ConfigAdc1mClk                       0x080018bb   Thumb Code    24  n32g43x_rcc.o(.text)
    RCC_ConfigAdcPllClk                      0x080018d3   Thumb Code    30  n32g43x_rcc.o(.text)
    RCC_ConfigAdcHclk                        0x080018f1   Thumb Code    18  n32g43x_rcc.o(.text)
    RCC_ConfigTrng1mClk                      0x08001903   Thumb Code    24  n32g43x_rcc.o(.text)
    RCC_EnableTrng1mClk                      0x0800191b   Thumb Code    30  n32g43x_rcc.o(.text)
    RCC_ConfigUCDRClk                        0x08001939   Thumb Code    46  n32g43x_rcc.o(.text)
    RCC_ConfigUSBXTALESSMode                 0x08001967   Thumb Code    22  n32g43x_rcc.o(.text)
    RCC_EnableRETPeriphClk                   0x0800197d   Thumb Code    26  n32g43x_rcc.o(.text)
    RCC_EnableRETPeriphReset                 0x08001997   Thumb Code    62  n32g43x_rcc.o(.text)
    RCC_EnableAPB1PeriphClk                  0x080019d5   Thumb Code    26  n32g43x_rcc.o(.text)
    RCC_ConfigLPTIMClk                       0x080019ef   Thumb Code    46  n32g43x_rcc.o(.text)
    RCC_GetLPTIMClkSrc                       0x08001a1d   Thumb Code    10  n32g43x_rcc.o(.text)
    RCC_ConfigLPUARTClk                      0x08001a27   Thumb Code    22  n32g43x_rcc.o(.text)
    RCC_GetLPUARTClkSrc                      0x08001a3d   Thumb Code    10  n32g43x_rcc.o(.text)
    RCC_ConfigSRAMParityErrorInt             0x08001a47   Thumb Code    26  n32g43x_rcc.o(.text)
    RCC_ConfigSRAMParityErrorRESET           0x08001a61   Thumb Code    26  n32g43x_rcc.o(.text)
    RCC_ClrSRAMParityErrorFlag               0x08001a7b   Thumb Code    12  n32g43x_rcc.o(.text)
    LSE_XtalConfig                           0x08001a87   Thumb Code    34  n32g43x_rcc.o(.text)
    RCC_ConfigLse                            0x08001aa9   Thumb Code   102  n32g43x_rcc.o(.text)
    RCC_EnableLsi                            0x08001b0f   Thumb Code     6  n32g43x_rcc.o(.text)
    RCC_ConfigRtcClk                         0x08001b15   Thumb Code    22  n32g43x_rcc.o(.text)
    RCC_GetRTCClkSrc                         0x08001b2b   Thumb Code    10  n32g43x_rcc.o(.text)
    RCC_EnableRtcClk                         0x08001b35   Thumb Code     8  n32g43x_rcc.o(.text)
    RCC_ConfigLSXClk                         0x08001b3d   Thumb Code    22  n32g43x_rcc.o(.text)
    RCC_GetLSXClkSrc                         0x08001b53   Thumb Code    10  n32g43x_rcc.o(.text)
    RCC_GetClocksFreqValue                   0x08001b5d   Thumb Code   302  n32g43x_rcc.o(.text)
    RCC_EnableAHBPeriphClk                   0x08001c8b   Thumb Code    26  n32g43x_rcc.o(.text)
    RCC_EnableAPB2PeriphClk                  0x08001ca5   Thumb Code    26  n32g43x_rcc.o(.text)
    RCC_EnableAHBPeriphReset                 0x08001cbf   Thumb Code    26  n32g43x_rcc.o(.text)
    RCC_EnableAPB2PeriphReset                0x08001cd9   Thumb Code    26  n32g43x_rcc.o(.text)
    RCC_EnableAPB1PeriphReset                0x08001cf3   Thumb Code    26  n32g43x_rcc.o(.text)
    RCC_EnableLowPowerReset                  0x08001d0d   Thumb Code     8  n32g43x_rcc.o(.text)
    RCC_EnableClockSecuritySystem            0x08001d15   Thumb Code     6  n32g43x_rcc.o(.text)
    RCC_EnableLSEClockSecuritySystem         0x08001d1b   Thumb Code     8  n32g43x_rcc.o(.text)
    RCC_GetLSEClockSecuritySystemStatus      0x08001d23   Thumb Code    20  n32g43x_rcc.o(.text)
    RCC_ConfigMcoClkPre                      0x08001d37   Thumb Code    18  n32g43x_rcc.o(.text)
    RCC_ConfigMco                            0x08001d49   Thumb Code    20  n32g43x_rcc.o(.text)
    RCC_ClrFlag                              0x08001d5d   Thumb Code    24  n32g43x_rcc.o(.text)
    RCC_GetIntStatus                         0x08001d75   Thumb Code    20  n32g43x_rcc.o(.text)
    RCC_ClrIntPendingBit                     0x08001d89   Thumb Code    12  n32g43x_rcc.o(.text)
    TIM_DeInit                               0x08001dc9   Thumb Code   220  n32g43x_tim.o(.text)
    TIM_InitTimeBase                         0x08001ea5   Thumb Code   296  n32g43x_tim.o(.text)
    TIM_InitOc1                              0x08001fcd   Thumb Code   106  n32g43x_tim.o(.text)
    TIM_InitOc2                              0x08002037   Thumb Code   126  n32g43x_tim.o(.text)
    TIM_InitOc3                              0x080020b5   Thumb Code   118  n32g43x_tim.o(.text)
    TIM_InitOc4                              0x0800212b   Thumb Code    98  n32g43x_tim.o(.text)
    TIM_InitOc5                              0x0800218d   Thumb Code   122  n32g43x_tim.o(.text)
    TIM_InitOc6                              0x08002207   Thumb Code    96  n32g43x_tim.o(.text)
    TIM_SetInCap4Prescaler                   0x08002267   Thumb Code    26  n32g43x_tim.o(.text)
    TIM_SetInCap3Prescaler                   0x080022fb   Thumb Code    18  n32g43x_tim.o(.text)
    TIM_SetInCap2Prescaler                   0x0800237f   Thumb Code    26  n32g43x_tim.o(.text)
    TIM_SetInCap1Prescaler                   0x08002413   Thumb Code    18  n32g43x_tim.o(.text)
    TIM_ICInit                               0x08002493   Thumb Code   156  n32g43x_tim.o(.text)
    TIM_ConfigPwmIc                          0x0800252f   Thumb Code   124  n32g43x_tim.o(.text)
    TIM_ConfigBkdt                           0x080025ab   Thumb Code    82  n32g43x_tim.o(.text)
    TIM_InitTimBaseStruct                    0x080025fd   Thumb Code    30  n32g43x_tim.o(.text)
    TIM_InitOcStruct                         0x0800261b   Thumb Code    46  n32g43x_tim.o(.text)
    TIM_InitIcStruct                         0x08002649   Thumb Code    18  n32g43x_tim.o(.text)
    TIM_InitBkdtStruct                       0x0800265b   Thumb Code    18  n32g43x_tim.o(.text)
    TIM_Enable                               0x0800266d   Thumb Code    22  n32g43x_tim.o(.text)
    TIM_EnableCtrlPwmOutputs                 0x08002683   Thumb Code    30  n32g43x_tim.o(.text)
    TIM_ConfigInt                            0x080026a1   Thumb Code    18  n32g43x_tim.o(.text)
    TIM_GenerateEvent                        0x080026b3   Thumb Code     4  n32g43x_tim.o(.text)
    TIM_ConfigDma                            0x080026b7   Thumb Code    10  n32g43x_tim.o(.text)
    TIM_EnableDma                            0x080026c1   Thumb Code    18  n32g43x_tim.o(.text)
    TIM_ConfigInternalClk                    0x080026d3   Thumb Code    12  n32g43x_tim.o(.text)
    TIM_SelectInputTrig                      0x080026df   Thumb Code    18  n32g43x_tim.o(.text)
    TIM_ConfigInternalTrigToExt              0x080026f1   Thumb Code    24  n32g43x_tim.o(.text)
    TIM_ConfigExtTrigAsClk                   0x08002709   Thumb Code    62  n32g43x_tim.o(.text)
    TIM_ConfigExtTrig                        0x08002747   Thumb Code    28  n32g43x_tim.o(.text)
    TIM_ConfigExtClkMode1                    0x08002763   Thumb Code    54  n32g43x_tim.o(.text)
    TIM_ConfigExtClkMode2                    0x08002799   Thumb Code    32  n32g43x_tim.o(.text)
    TIM_ConfigPrescaler                      0x080027b9   Thumb Code     6  n32g43x_tim.o(.text)
    TIM_ConfigCntMode                        0x080027bf   Thumb Code    16  n32g43x_tim.o(.text)
    TIM_ConfigEncoderInterface               0x080027cf   Thumb Code    64  n32g43x_tim.o(.text)
    TIM_ConfigForcedOc1                      0x0800280f   Thumb Code    18  n32g43x_tim.o(.text)
    TIM_ConfigForcedOc2                      0x08002821   Thumb Code    26  n32g43x_tim.o(.text)
    TIM_ConfigForcedOc3                      0x0800283b   Thumb Code    18  n32g43x_tim.o(.text)
    TIM_ConfigForcedOc4                      0x0800284d   Thumb Code    26  n32g43x_tim.o(.text)
    TIM_ConfigForcedOc5                      0x08002867   Thumb Code    22  n32g43x_tim.o(.text)
    TIM_ConfigForcedOc6                      0x0800287d   Thumb Code    30  n32g43x_tim.o(.text)
    TIM_ConfigArPreload                      0x0800289b   Thumb Code    22  n32g43x_tim.o(.text)
    TIM_SelectComEvt                         0x080028b1   Thumb Code    22  n32g43x_tim.o(.text)
    TIM_SelectCapCmpDmaSrc                   0x080028c7   Thumb Code    22  n32g43x_tim.o(.text)
    TIM_EnableCapCmpPreloadControl           0x080028dd   Thumb Code    22  n32g43x_tim.o(.text)
    TIM_ConfigOc1Preload                     0x080028f3   Thumb Code    18  n32g43x_tim.o(.text)
    TIM_ConfigOc2Preload                     0x08002905   Thumb Code    26  n32g43x_tim.o(.text)
    TIM_ConfigOc3Preload                     0x0800291f   Thumb Code    18  n32g43x_tim.o(.text)
    TIM_ConfigOc4Preload                     0x08002931   Thumb Code    26  n32g43x_tim.o(.text)
    TIM_ConfigOc5Preload                     0x0800294b   Thumb Code    22  n32g43x_tim.o(.text)
    TIM_ConfigOc6Preload                     0x08002961   Thumb Code    30  n32g43x_tim.o(.text)
    TIM_ConfigOc1Fast                        0x0800297f   Thumb Code    18  n32g43x_tim.o(.text)
    TIM_ConfigOc2Fast                        0x08002991   Thumb Code    26  n32g43x_tim.o(.text)
    TIM_ConfigOc3Fast                        0x080029ab   Thumb Code    18  n32g43x_tim.o(.text)
    TIM_ConfigOc4Fast                        0x080029bd   Thumb Code    26  n32g43x_tim.o(.text)
    TIM_ConfigOc5Fast                        0x080029d7   Thumb Code    22  n32g43x_tim.o(.text)
    TIM_ConfigOc6Fast                        0x080029ed   Thumb Code    30  n32g43x_tim.o(.text)
    TIM_ClrOc1Ref                            0x08002a0b   Thumb Code    18  n32g43x_tim.o(.text)
    TIM_ClrOc2Ref                            0x08002a1d   Thumb Code    24  n32g43x_tim.o(.text)
    TIM_ClrOc3Ref                            0x08002a35   Thumb Code    18  n32g43x_tim.o(.text)
    TIM_ClrOc4Ref                            0x08002a47   Thumb Code    24  n32g43x_tim.o(.text)
    TIM_ClrOc5Ref                            0x08002a5f   Thumb Code    22  n32g43x_tim.o(.text)
    TIM_ClrOc6Ref                            0x08002a75   Thumb Code    28  n32g43x_tim.o(.text)
    TIM_ConfigOc1Polarity                    0x08002a91   Thumb Code    16  n32g43x_tim.o(.text)
    TIM_ConfigOc1NPolarity                   0x08002aa1   Thumb Code    16  n32g43x_tim.o(.text)
    TIM_ConfigOc2Polarity                    0x08002ab1   Thumb Code    18  n32g43x_tim.o(.text)
    TIM_ConfigOc2NPolarity                   0x08002ac3   Thumb Code    18  n32g43x_tim.o(.text)
    TIM_ConfigOc3Polarity                    0x08002ad5   Thumb Code    18  n32g43x_tim.o(.text)
    TIM_ConfigOc3NPolarity                   0x08002ae7   Thumb Code    18  n32g43x_tim.o(.text)
    TIM_ConfigOc4Polarity                    0x08002af9   Thumb Code    18  n32g43x_tim.o(.text)
    TIM_ConfigOc5Polarity                    0x08002b0b   Thumb Code    18  n32g43x_tim.o(.text)
    TIM_ConfigOc6Polarity                    0x08002b1d   Thumb Code    18  n32g43x_tim.o(.text)
    TIM_EnableCapCmpCh                       0x08002b2f   Thumb Code    28  n32g43x_tim.o(.text)
    TIM_EnableCapCmpChN                      0x08002b4b   Thumb Code    28  n32g43x_tim.o(.text)
    TIM_SelectOcMode                         0x08002b67   Thumb Code    86  n32g43x_tim.o(.text)
    TIM_EnableUpdateEvt                      0x08002bbd   Thumb Code    22  n32g43x_tim.o(.text)
    TIM_ConfigUpdateRequestIntSrc            0x08002bd3   Thumb Code    22  n32g43x_tim.o(.text)
    TIM_SelectHallSensor                     0x08002be9   Thumb Code    22  n32g43x_tim.o(.text)
    TIM_SelectOnePulseMode                   0x08002bff   Thumb Code    16  n32g43x_tim.o(.text)
    TIM_SelectOutputTrig                     0x08002c0f   Thumb Code    16  n32g43x_tim.o(.text)
    TIM_SelectSlaveMode                      0x08002c1f   Thumb Code    18  n32g43x_tim.o(.text)
    TIM_SelectMasterSlaveMode                0x08002c31   Thumb Code    18  n32g43x_tim.o(.text)
    TIM_SetCnt                               0x08002c43   Thumb Code     4  n32g43x_tim.o(.text)
    TIM_SetAutoReload                        0x08002c47   Thumb Code     4  n32g43x_tim.o(.text)
    TIM_SetCmp1                              0x08002c4b   Thumb Code     4  n32g43x_tim.o(.text)
    TIM_SetCmp2                              0x08002c4f   Thumb Code     4  n32g43x_tim.o(.text)
    TIM_SetCmp3                              0x08002c53   Thumb Code     4  n32g43x_tim.o(.text)
    TIM_SetCmp4                              0x08002c57   Thumb Code     6  n32g43x_tim.o(.text)
    TIM_SetCmp5                              0x08002c5d   Thumb Code     6  n32g43x_tim.o(.text)
    TIM_SetCmp6                              0x08002c63   Thumb Code     6  n32g43x_tim.o(.text)
    TIM_SetClkDiv                            0x08002c69   Thumb Code    16  n32g43x_tim.o(.text)
    TIM_GetCap1                              0x08002c79   Thumb Code     6  n32g43x_tim.o(.text)
    TIM_GetCap2                              0x08002c7f   Thumb Code     6  n32g43x_tim.o(.text)
    TIM_GetCap3                              0x08002c85   Thumb Code     6  n32g43x_tim.o(.text)
    TIM_GetCap4                              0x08002c8b   Thumb Code     8  n32g43x_tim.o(.text)
    TIM_GetCap5                              0x08002c93   Thumb Code     8  n32g43x_tim.o(.text)
    TIM_GetCap6                              0x08002c9b   Thumb Code     8  n32g43x_tim.o(.text)
    TIM_GetCnt                               0x08002ca3   Thumb Code     6  n32g43x_tim.o(.text)
    TIM_GetPrescaler                         0x08002ca9   Thumb Code     6  n32g43x_tim.o(.text)
    TIM_GetAutoReload                        0x08002caf   Thumb Code     6  n32g43x_tim.o(.text)
    TIM_GetCCENStatus                        0x08002cb5   Thumb Code    74  n32g43x_tim.o(.text)
    TIM_GetFlagStatus                        0x08002cff   Thumb Code    18  n32g43x_tim.o(.text)
    TIM_ClearFlag                            0x08002d11   Thumb Code     6  n32g43x_tim.o(.text)
    TIM_GetIntStatus                         0x08002d17   Thumb Code    34  n32g43x_tim.o(.text)
    TIM_ClrIntPendingBit                     0x08002d39   Thumb Code     6  n32g43x_tim.o(.text)
    USART_DeInit                             0x08002d59   Thumb Code   134  n32g43x_usart.o(.text)
    USART_Init                               0x08002ddf   Thumb Code   168  n32g43x_usart.o(.text)
    USART_StructInit                         0x08002e87   Thumb Code    24  n32g43x_usart.o(.text)
    USART_ClockInit                          0x08002e9f   Thumb Code    34  n32g43x_usart.o(.text)
    USART_ClockStructInit                    0x08002ec1   Thumb Code    12  n32g43x_usart.o(.text)
    USART_Enable                             0x08002ecd   Thumb Code    24  n32g43x_usart.o(.text)
    USART_ConfigInt                          0x08002ee5   Thumb Code    74  n32g43x_usart.o(.text)
    USART_EnableDMA                          0x08002f2f   Thumb Code    18  n32g43x_usart.o(.text)
    USART_SetAddr                            0x08002f41   Thumb Code    18  n32g43x_usart.o(.text)
    USART_ConfigWakeUpMode                   0x08002f53   Thumb Code    18  n32g43x_usart.o(.text)
    USART_EnableRcvWakeUp                    0x08002f65   Thumb Code    24  n32g43x_usart.o(.text)
    USART_ConfigLINBreakDetectLength         0x08002f7d   Thumb Code    18  n32g43x_usart.o(.text)
    USART_EnableLIN                          0x08002f8f   Thumb Code    24  n32g43x_usart.o(.text)
    USART_SendData                           0x08002fa7   Thumb Code     8  n32g43x_usart.o(.text)
    USART_ReceiveData                        0x08002faf   Thumb Code    10  n32g43x_usart.o(.text)
    USART_SendBreak                          0x08002fb9   Thumb Code    10  n32g43x_usart.o(.text)
    USART_SetGuardTime                       0x08002fc3   Thumb Code    16  n32g43x_usart.o(.text)
    USART_SetPrescaler                       0x08002fd3   Thumb Code    16  n32g43x_usart.o(.text)
    USART_EnableSmartCard                    0x08002fe3   Thumb Code    24  n32g43x_usart.o(.text)
    USART_SetSmartCardNACK                   0x08002ffb   Thumb Code    24  n32g43x_usart.o(.text)
    USART_EnableHalfDuplex                   0x08003013   Thumb Code    24  n32g43x_usart.o(.text)
    USART_ConfigIrDAMode                     0x0800302b   Thumb Code    18  n32g43x_usart.o(.text)
    USART_EnableIrDA                         0x0800303d   Thumb Code    24  n32g43x_usart.o(.text)
    USART_GetFlagStatus                      0x08003055   Thumb Code    26  n32g43x_usart.o(.text)
    USART_ClrFlag                            0x0800306f   Thumb Code    18  n32g43x_usart.o(.text)
    USART_GetIntStatus                       0x08003081   Thumb Code    84  n32g43x_usart.o(.text)
    USART_ClrIntPendingBit                   0x080030d5   Thumb Code    30  n32g43x_usart.o(.text)
    bsp_uart_init                            0x08003249   Thumb Code   334  bsp_uart.o(.text)
    bsp_uart_send_data                       0x08003397   Thumb Code   144  bsp_uart.o(.text)
    fputc                                    0x08003427   Thumb Code    32  bsp_uart.o(.text)
    bsp_systick_init                         0x08003465   Thumb Code    90  bsp_systick.o(.text)
    bsp_systick_disable                      0x080034bf   Thumb Code    18  bsp_systick.o(.text)
    bsp_systick_time_get                     0x080034d1   Thumb Code     6  bsp_systick.o(.text)
    bsp_delay_ms                             0x080034d7   Thumb Code    20  bsp_systick.o(.text)
    NMI_Handler                              0x080034fd   Thumb Code     2  n32g43x_it.o(.text)
    HardFault_Handler                        0x080034ff   Thumb Code     4  n32g43x_it.o(.text)
    MemManage_Handler                        0x08003503   Thumb Code     4  n32g43x_it.o(.text)
    BusFault_Handler                         0x08003507   Thumb Code     4  n32g43x_it.o(.text)
    UsageFault_Handler                       0x0800350b   Thumb Code     4  n32g43x_it.o(.text)
    SVC_Handler                              0x0800350f   Thumb Code     2  n32g43x_it.o(.text)
    DebugMon_Handler                         0x08003511   Thumb Code     2  n32g43x_it.o(.text)
    SysTick_Handler                          0x08003513   Thumb Code    12  n32g43x_it.o(.text)
    CAN_RX0_IRQHandler                       0x0800351f   Thumb Code     2  n32g43x_it.o(.text)
    USART3_IRQHandler                        0x08003521   Thumb Code    10  n32g43x_it.o(.text)
    UART4_IRQHandler                         0x0800352b   Thumb Code    10  n32g43x_it.o(.text)
    UART5_IRQHandler                         0x08003535   Thumb Code    10  n32g43x_it.o(.text)
    ADC_IRQHandler                           0x0800353f   Thumb Code     8  n32g43x_it.o(.text)
    TIM1_BRK_IRQHandler                      0x08003547   Thumb Code     2  n32g43x_it.o(.text)
    TIM1_UP_IRQHandler                       0x08003549   Thumb Code    10  n32g43x_it.o(.text)
    TIM8_UP_IRQHandler                       0x08003553   Thumb Code     2  n32g43x_it.o(.text)
    EXTI1_IRQHandler                         0x08003555   Thumb Code    12  n32g43x_it.o(.text)
    EXTI2_IRQHandler                         0x08003561   Thumb Code    12  n32g43x_it.o(.text)
    EXTI3_IRQHandler                         0x0800356d   Thumb Code    12  n32g43x_it.o(.text)
    bsp_led_init                             0x08003589   Thumb Code    46  bsp_led.o(.text)
    bsp_led_ctrl                             0x08003601   Thumb Code   112  bsp_led.o(.text)
    bsp_key_init                             0x08003681   Thumb Code    50  bsp_key.o(.text)
    bsp_key_scan                             0x080036b3   Thumb Code   246  bsp_key.o(.text)
    bsp_opa1_init                            0x0800389f   Thumb Code    16  bsp_opa.o(.text)
    bsp_dac_init                             0x0800391f   Thumb Code    20  bsp_dac.o(.text)
    bsp_pwm_init                             0x08003adb   Thumb Code    34  bsp_pwm.o(.text)
    bsp_pwm_set_duty                         0x08003afd   Thumb Code    30  bsp_pwm.o(.text)
    bsp_all_pwm_close                        0x08003b1b   Thumb Code    52  bsp_pwm.o(.text)
    bsp_all_pwm_open                         0x08003b4f   Thumb Code    44  bsp_pwm.o(.text)
    bsp_io_init                              0x08003b91   Thumb Code    42  bsp_io.o(.text)
    bsp_adc_init                             0x08003da3   Thumb Code    20  bsp_adc.o(.text)
    bsp_hall_irq_enable                      0x08003e09   Thumb Code   112  bsp_hall.o(.text)
    bsp_hall_irq_disable                     0x08003e79   Thumb Code   112  bsp_hall.o(.text)
    bsp_hall_init                            0x08003ee9   Thumb Code    72  bsp_hall.o(.text)
    bsp_adc_irq_cb                           0x08003f39   Thumb Code   152  bsp_adc_cb.o(.text)
    bsp_pwm_irq_cb                           0x08003fe9   Thumb Code    64  bsp_pwm_cb.o(.text)
    bsp_pwm_irq_bk_cb                        0x08004029   Thumb Code    22  bsp_pwm_cb.o(.text)
    bsp_debug_com_irq_cb                     0x08004083   Thumb Code    78  bsp_uart_cb.o(.text)
    bsp_host_computer_com_irq_cb             0x080040d1   Thumb Code    72  bsp_uart_cb.o(.text)
    bsp_rs485_com_irq_cb                     0x08004119   Thumb Code   108  bsp_uart_cb.o(.text)
    bsp_hall_u_irq_cb                        0x080041b1   Thumb Code    22  bsp_hall_cb.o(.text)
    bsp_hall_v_irq_cb                        0x080041c7   Thumb Code    22  bsp_hall_cb.o(.text)
    bsp_hall_w_irq_cb                        0x080041dd   Thumb Code    22  bsp_hall_cb.o(.text)
    main                                     0x080041f5   Thumb Code   130  main.o(.text)
    factory_function_check                   0x08004291   Thumb Code    28  function_check.o(.text)
    adc_value_calculate                      0x080042c1   Thumb Code   504  analog_calcate.o(.text)
    strncmp                                  0x08004531   Thumb Code    30  strncmp.o(.text)
    __aeabi_dadd                             0x0800454f   Thumb Code   322  dadd.o(.text)
    __aeabi_dsub                             0x08004691   Thumb Code     6  dadd.o(.text)
    __aeabi_drsub                            0x08004697   Thumb Code     6  dadd.o(.text)
    __aeabi_dmul                             0x0800469d   Thumb Code   228  dmul.o(.text)
    __aeabi_ddiv                             0x08004781   Thumb Code   222  ddiv.o(.text)
    __aeabi_f2d                              0x0800485f   Thumb Code    38  f2d.o(.text)
    __aeabi_d2f                              0x08004885   Thumb Code    56  d2f.o(.text)
    __aeabi_uidiv                            0x080048bd   Thumb Code     0  uidiv.o(.text)
    __aeabi_uidivmod                         0x080048bd   Thumb Code    44  uidiv.o(.text)
    __aeabi_uldivmod                         0x080048e9   Thumb Code    98  uldiv.o(.text)
    __aeabi_llsl                             0x0800494b   Thumb Code    30  llshl.o(.text)
    _ll_shift_l                              0x0800494b   Thumb Code     0  llshl.o(.text)
    __aeabi_lasr                             0x08004969   Thumb Code    36  llsshr.o(.text)
    _ll_sshift_r                             0x08004969   Thumb Code     0  llsshr.o(.text)
    __I$use$fp                               0x0800498d   Thumb Code     0  iusefp.o(.text)
    _float_round                             0x0800498d   Thumb Code    18  fepilogue.o(.text)
    _float_epilogue                          0x0800499f   Thumb Code    92  fepilogue.o(.text)
    _double_round                            0x080049fb   Thumb Code    30  depilogue.o(.text)
    _double_epilogue                         0x08004a19   Thumb Code   156  depilogue.o(.text)
    __aeabi_i2d                              0x08004ab5   Thumb Code    34  dflti.o(.text)
    __aeabi_d2ulz                            0x08004ad7   Thumb Code    48  dfixul.o(.text)
    __aeabi_cdcmpeq                          0x08004b09   Thumb Code     0  cdcmple.o(.text)
    __aeabi_cdcmple                          0x08004b09   Thumb Code    48  cdcmple.o(.text)
    __aeabi_cdrcmple                         0x08004b39   Thumb Code    48  cdrcmple.o(.text)
    __scatterload                            0x08004b69   Thumb Code    28  init.o(.text)
    __scatterload_rt2                        0x08004b69   Thumb Code     0  init.o(.text)
    __aeabi_llsr                             0x08004b8d   Thumb Code    32  llushr.o(.text)
    _ll_ushift_r                             0x08004b8d   Thumb Code     0  llushr.o(.text)
    __0printf                                0x08004bad   Thumb Code    22  printfa.o(i.__0printf)
    __1printf                                0x08004bad   Thumb Code     0  printfa.o(i.__0printf)
    __2printf                                0x08004bad   Thumb Code     0  printfa.o(i.__0printf)
    __c89printf                              0x08004bad   Thumb Code     0  printfa.o(i.__0printf)
    printf                                   0x08004bad   Thumb Code     0  printfa.o(i.__0printf)
    __hardfp_log                             0x08004bd1   Thumb Code   872  log.o(i.__hardfp_log)
    __kernel_poly                            0x08004f95   Thumb Code   248  poly.o(i.__kernel_poly)
    __mathlib_dbl_divzero                    0x08005091   Thumb Code    28  dunder.o(i.__mathlib_dbl_divzero)
    __mathlib_dbl_infnan                     0x080050c1   Thumb Code    20  dunder.o(i.__mathlib_dbl_infnan)
    __mathlib_dbl_invalid                    0x080050d9   Thumb Code    24  dunder.o(i.__mathlib_dbl_invalid)
    __scatterload_copy                       0x080050f9   Thumb Code    14  handlers.o(i.__scatterload_copy)
    __scatterload_null                       0x08005107   Thumb Code     2  handlers.o(i.__scatterload_null)
    __scatterload_zeroinit                   0x08005109   Thumb Code    14  handlers.o(i.__scatterload_zeroinit)
    __set_errno                              0x08005119   Thumb Code     6  errno.o(i.__set_errno)
    AHBPrescTable                            0x080059b0   Data          16  system_n32g43x.o(.constdata)
    MSIClockTable                            0x080059c0   Data          28  system_n32g43x.o(.constdata)
    __mathlib_zero                           0x08005a70   Data           8  qnan.o(.constdata)
    Region$$Table$$Base                      0x08005a78   Number         0  anon$$obj.o(Region$$Table)
    Region$$Table$$Limit                     0x08005a98   Number         0  anon$$obj.o(Region$$Table)
    SystemCoreClock                          0x20000000   Data           4  system_n32g43x.o(.data)
    systick_count                            0x20000004   Data           4  bsp_systick.o(.data)
    pwm_irq_cb                               0x200000b0   Data           8  bsp_pwm.o(.data)
    adc_irq_cb                               0x200000bc   Data           8  bsp_adc.o(.data)
    ADC_RegularConvertedValueTab             0x200000c4   Data           6  bsp_adc.o(.data)
    ADC_InjectConvertedValueTab              0x200000ca   Data           8  bsp_adc.o(.data)
    ttt_cnt                                  0x200000d4   Data           4  bsp_adc_cb.o(.data)
    factory_func_check                       0x200000e0   Data           1  bsp_uart_cb.o(.data)
    hall_uvw_irq_cb                          0x200000e4   Data          12  bsp_hall_cb.o(.data)
    __stdout                                 0x200000f4   Data           4  stdout.o(.data)
    com_irq_cb                               0x200000fc   Data          12  bsp_uart.o(.bss)
    key_st_sp_param                          0x20000108   Data          12  bsp_key.o(.bss)
    key_cw_ccw_param                         0x20000114   Data          12  bsp_key.o(.bss)
    hall_irq_cb                              0x20000120   Data          16  bsp_hall.o(.bss)
    adc_digital_val                          0x20000130   Data          14  bsp_adc_cb.o(.bss)
    adc_voltage_val                          0x20000560   Data          28  analog_calcate.o(.bss)
    __initial_sp                             0x20001a80   Data           0  startup_n32g43x.o(STACK)



==============================================================================

Memory Map of the image

  Image Entry point : 0x08000149

  Load Region LR_IROM1 (Base: 0x08000000, Size: 0x00005b94, Max: 0x00020000, ABSOLUTE)

    Execution Region ER_IROM1 (Exec base: 0x08000000, Load base: 0x08000000, Size: 0x00005a98, Max: 0x00020000, ABSOLUTE)

    Exec Addr    Load Addr    Size         Type   Attr      Idx    E Section Name        Object

    0x08000000   0x08000000   0x00000148   Data   RO            3    RESET               startup_n32g43x.o
    0x08000148   0x08000148   0x00000000   Code   RO         1099  * .ARM.Collect$$$$00000000  mc_w.l(entry.o)
    0x08000148   0x08000148   0x00000004   Code   RO         1392    .ARM.Collect$$$$00000001  mc_w.l(entry2.o)
    0x0800014c   0x0800014c   0x00000004   Code   RO         1395    .ARM.Collect$$$$00000004  mc_w.l(entry5.o)
    0x08000150   0x08000150   0x00000000   Code   RO         1397    .ARM.Collect$$$$00000008  mc_w.l(entry7b.o)
    0x08000150   0x08000150   0x00000000   Code   RO         1399    .ARM.Collect$$$$0000000A  mc_w.l(entry8b.o)
    0x08000150   0x08000150   0x00000008   Code   RO         1400    .ARM.Collect$$$$0000000B  mc_w.l(entry9a.o)
    0x08000158   0x08000158   0x00000004   Code   RO         1407    .ARM.Collect$$$$0000000E  mc_w.l(entry12b.o)
    0x0800015c   0x0800015c   0x00000000   Code   RO         1402    .ARM.Collect$$$$0000000F  mc_w.l(entry10a.o)
    0x0800015c   0x0800015c   0x00000000   Code   RO         1404    .ARM.Collect$$$$00000011  mc_w.l(entry11a.o)
    0x0800015c   0x0800015c   0x00000004   Code   RO         1393    .ARM.Collect$$$$00002712  mc_w.l(entry2.o)
    0x08000160   0x08000160   0x00000024   Code   RO            4    .text               startup_n32g43x.o
    0x08000184   0x08000184   0x000002d4   Code   RO           13    .text               system_n32g43x.o
    0x08000458   0x08000458   0x000000dc   Code   RO          139    .text               misc.o
    0x08000534   0x08000534   0x000005a8   Code   RO          167    .text               n32g43x_adc.o
    0x08000adc   0x08000adc   0x00000138   Code   RO          239    .text               n32g43x_dac.o
    0x08000c14   0x08000c14   0x000001b8   Code   RO          263    .text               n32g43x_dma.o
    0x08000dcc   0x08000dcc   0x00000130   Code   RO          287    .text               n32g43x_exti.o
    0x08000efc   0x08000efc   0x0000055c   Code   RO          335    .text               n32g43x_gpio.o
    0x08001458   0x08001458   0x00000178   Code   RO          359    .text               n32g43x_opamp.o
    0x080015d0   0x080015d0   0x000007f8   Code   RO          383    .text               n32g43x_rcc.o
    0x08001dc8   0x08001dc8   0x00000f90   Code   RO          409    .text               n32g43x_tim.o
    0x08002d58   0x08002d58   0x000003b0   Code   RO          433    .text               n32g43x_usart.o
    0x08003108   0x08003108   0x0000035c   Code   RO          481    .text               bsp_uart.o
    0x08003464   0x08003464   0x00000098   Code   RO          518    .text               bsp_systick.o
    0x080034fc   0x080034fc   0x0000008c   Code   RO          549    .text               n32g43x_it.o
    0x08003588   0x08003588   0x000000ec   Code   RO          610    .text               bsp_led.o
    0x08003674   0x08003674   0x00000198   Code   RO          639    .text               bsp_key.o
    0x0800380c   0x0800380c   0x000000a8   Code   RO          670    .text               bsp_opa.o
    0x080038b4   0x080038b4   0x00000084   Code   RO          697    .text               bsp_dac.o
    0x08003938   0x08003938   0x00000258   Code   RO          751    .text               bsp_pwm.o
    0x08003b90   0x08003b90   0x00000030   Code   RO          781    .text               bsp_io.o
    0x08003bc0   0x08003bc0   0x0000020c   Code   RO          805    .text               bsp_adc.o
    0x08003dcc   0x08003dcc   0x0000016c   Code   RO          835    .text               bsp_hall.o
    0x08003f38   0x08003f38   0x000000b0   Code   RO          865    .text               bsp_adc_cb.o
    0x08003fe8   0x08003fe8   0x00000064   Code   RO          897    .text               bsp_pwm_cb.o
    0x0800404c   0x0800404c   0x00000164   Code   RO          923    .text               bsp_uart_cb.o
    0x080041b0   0x080041b0   0x00000042   Code   RO          957    .text               bsp_hall_cb.o
    0x080041f2   0x080041f2   0x00000002   PAD
    0x080041f4   0x080041f4   0x0000009c   Code   RO          987    .text               main.o
    0x08004290   0x08004290   0x00000030   Code   RO         1032    .text               function_check.o
    0x080042c0   0x080042c0   0x00000270   Code   RO         1056    .text               analog_calcate.o
    0x08004530   0x08004530   0x0000001e   Code   RO         1102    .text               mc_w.l(strncmp.o)
    0x0800454e   0x0800454e   0x0000014e   Code   RO         1365    .text               mf_w.l(dadd.o)
    0x0800469c   0x0800469c   0x000000e4   Code   RO         1367    .text               mf_w.l(dmul.o)
    0x08004780   0x08004780   0x000000de   Code   RO         1369    .text               mf_w.l(ddiv.o)
    0x0800485e   0x0800485e   0x00000026   Code   RO         1371    .text               mf_w.l(f2d.o)
    0x08004884   0x08004884   0x00000038   Code   RO         1373    .text               mf_w.l(d2f.o)
    0x080048bc   0x080048bc   0x0000002c   Code   RO         1409    .text               mc_w.l(uidiv.o)
    0x080048e8   0x080048e8   0x00000062   Code   RO         1411    .text               mc_w.l(uldiv.o)
    0x0800494a   0x0800494a   0x0000001e   Code   RO         1413    .text               mc_w.l(llshl.o)
    0x08004968   0x08004968   0x00000024   Code   RO         1415    .text               mc_w.l(llsshr.o)
    0x0800498c   0x0800498c   0x00000000   Code   RO         1424    .text               mc_w.l(iusefp.o)
    0x0800498c   0x0800498c   0x0000006e   Code   RO         1425    .text               mf_w.l(fepilogue.o)
    0x080049fa   0x080049fa   0x000000ba   Code   RO         1427    .text               mf_w.l(depilogue.o)
    0x08004ab4   0x08004ab4   0x00000022   Code   RO         1431    .text               mf_w.l(dflti.o)
    0x08004ad6   0x08004ad6   0x00000030   Code   RO         1433    .text               mf_w.l(dfixul.o)
    0x08004b06   0x08004b06   0x00000002   PAD
    0x08004b08   0x08004b08   0x00000030   Code   RO         1435    .text               mf_w.l(cdcmple.o)
    0x08004b38   0x08004b38   0x00000030   Code   RO         1437    .text               mf_w.l(cdrcmple.o)
    0x08004b68   0x08004b68   0x00000024   Code   RO         1439    .text               mc_w.l(init.o)
    0x08004b8c   0x08004b8c   0x00000020   Code   RO         1441    .text               mc_w.l(llushr.o)
    0x08004bac   0x08004bac   0x00000020   Code   RO         1337    i.__0printf         mc_w.l(printfa.o)
    0x08004bcc   0x08004bcc   0x00000004   PAD
    0x08004bd0   0x08004bd0   0x000003c4   Code   RO         1085    i.__hardfp_log      m_wm.l(log.o)
    0x08004f94   0x08004f94   0x000000f8   Code   RO         1389    i.__kernel_poly     m_wm.l(poly.o)
    0x0800508c   0x0800508c   0x00000004   PAD
    0x08005090   0x08005090   0x00000030   Code   RO         1375    i.__mathlib_dbl_divzero  m_wm.l(dunder.o)
    0x080050c0   0x080050c0   0x00000014   Code   RO         1376    i.__mathlib_dbl_infnan  m_wm.l(dunder.o)
    0x080050d4   0x080050d4   0x00000004   PAD
    0x080050d8   0x080050d8   0x00000020   Code   RO         1378    i.__mathlib_dbl_invalid  m_wm.l(dunder.o)
    0x080050f8   0x080050f8   0x0000000e   Code   RO         1445    i.__scatterload_copy  mc_w.l(handlers.o)
    0x08005106   0x08005106   0x00000002   Code   RO         1446    i.__scatterload_null  mc_w.l(handlers.o)
    0x08005108   0x08005108   0x0000000e   Code   RO         1447    i.__scatterload_zeroinit  mc_w.l(handlers.o)
    0x08005116   0x08005116   0x00000002   PAD
    0x08005118   0x08005118   0x0000000c   Code   RO         1419    i.__set_errno       mc_w.l(errno.o)
    0x08005124   0x08005124   0x00000184   Code   RO         1344    i._fp_digits        mc_w.l(printfa.o)
    0x080052a8   0x080052a8   0x000006b4   Code   RO         1345    i._printf_core      mc_w.l(printfa.o)
    0x0800595c   0x0800595c   0x00000024   Code   RO         1346    i._printf_post_padding  mc_w.l(printfa.o)
    0x08005980   0x08005980   0x0000002e   Code   RO         1347    i._printf_pre_padding  mc_w.l(printfa.o)
    0x080059ae   0x080059ae   0x00000002   PAD
    0x080059b0   0x080059b0   0x0000002c   Data   RO           14    .constdata          system_n32g43x.o
    0x080059dc   0x080059dc   0x0000005c   Data   RO          384    .constdata          n32g43x_rcc.o
    0x08005a38   0x08005a38   0x00000038   Data   RO         1088    .constdata          m_wm.l(log.o)
    0x08005a70   0x08005a70   0x00000008   Data   RO         1391    .constdata          m_wm.l(qnan.o)
    0x08005a78   0x08005a78   0x00000020   Data   RO         1443    Region$$Table       anon$$obj.o


    Execution Region RW_IRAM1 (Exec base: 0x20000000, Load base: 0x08005a98, Size: 0x00001a80, Max: 0x00008000, ABSOLUTE)

    Exec Addr    Load Addr    Size         Type   Attr      Idx    E Section Name        Object

    0x20000000   0x08005a98   0x00000004   Data   RW           15    .data               system_n32g43x.o
    0x20000004   0x08005a9c   0x00000004   Data   RW          519    .data               bsp_systick.o
    0x20000008   0x08005aa0   0x00000060   Data   RW          611    .data               bsp_led.o
    0x20000068   0x08005b00   0x00000048   Data   RW          641    .data               bsp_key.o
    0x200000b0   0x08005b48   0x0000000a   Data   RW          752    .data               bsp_pwm.o
    0x200000ba   0x08005b52   0x00000002   PAD
    0x200000bc   0x08005b54   0x00000016   Data   RW          806    .data               bsp_adc.o
    0x200000d2   0x08005b6a   0x00000002   PAD
    0x200000d4   0x08005b6c   0x00000004   Data   RW          867    .data               bsp_adc_cb.o
    0x200000d8   0x08005b70   0x00000002   Data   RW          898    .data               bsp_pwm_cb.o
    0x200000da   0x08005b72   0x00000002   PAD
    0x200000dc   0x08005b74   0x00000006   Data   RW          925    .data               bsp_uart_cb.o
    0x200000e2   0x08005b7a   0x00000002   PAD
    0x200000e4   0x08005b7c   0x0000000c   Data   RW          958    .data               bsp_hall_cb.o
    0x200000f0   0x08005b88   0x00000004   Data   RW         1058    .data               analog_calcate.o
    0x200000f4   0x08005b8c   0x00000004   Data   RW         1408    .data               mc_w.l(stdout.o)
    0x200000f8   0x08005b90   0x00000004   Data   RW         1420    .data               mc_w.l(errno.o)
    0x200000fc        -       0x0000000c   Zero   RW          482    .bss                bsp_uart.o
    0x20000108        -       0x00000018   Zero   RW          640    .bss                bsp_key.o
    0x20000120        -       0x00000010   Zero   RW          836    .bss                bsp_hall.o
    0x20000130        -       0x0000000e   Zero   RW          866    .bss                bsp_adc_cb.o
    0x2000013e        -       0x00000420   Zero   RW          924    .bss                bsp_uart_cb.o
    0x2000055e   0x08005b94   0x00000002   PAD
    0x20000560        -       0x0000001c   Zero   RW         1057    .bss                analog_calcate.o
    0x2000057c   0x08005b94   0x00000004   PAD
    0x20000580        -       0x00001500   Zero   RW            1    STACK               startup_n32g43x.o


==============================================================================

Image component sizes


      Code (inc. data)   RO Data    RW Data    ZI Data      Debug   Object Name

       624        120          0          4         28       1276   analog_calcate.o
       524         22          0         22          0       2573   bsp_adc.o
       176         24          0          4         14       1299   bsp_adc_cb.o
       132          6          0          0          0       1019   bsp_dac.o
       364          8          0          0         16       2127   bsp_hall.o
        66          0          0         12          0       1590   bsp_hall_cb.o
        48          6          0          0          0        534   bsp_io.o
       408        100          0         72         24       2323   bsp_key.o
       236          4          0         96          0       2008   bsp_led.o
       168          6          0          0          0        944   bsp_opa.o
       600         22          0         10          0       2692   bsp_pwm.o
       100         14          0          2          0        855   bsp_pwm_cb.o
       152         18          0          4          0      32104   bsp_systick.o
       860         30          0          0         12       6390   bsp_uart.o
       356         44          0          6       1056       2290   bsp_uart_cb.o
        48         20          0          0          0        537   function_check.o
       156         26          0          0          0       1007   main.o
       220         22          0          0          0       1861   misc.o
      1448         28          0          0          0      12935   n32g43x_adc.o
       312          4          0          0          0       3059   n32g43x_dac.o
       440          4          0          0          0       4442   n32g43x_dma.o
       304          4          0          0          0       2530   n32g43x_exti.o
      1372         52          0          0          0       6856   n32g43x_gpio.o
       140         16          0          0          0       2694   n32g43x_it.o
       376          6          0          0          0       3778   n32g43x_opamp.o
      2040         84         92          0          0      17573   n32g43x_rcc.o
      3984         84          0          0          0      27135   n32g43x_tim.o
       944         22          0          0          0       8227   n32g43x_usart.o
        36          8        328          0       5376        876   startup_n32g43x.o
       724         70         44          4          0     334549   system_n32g43x.o

    ----------------------------------------------------------------------
     17360        874        496        244       6532     488083   Object Totals
         0          0         32          0          0          0   (incl. Generated)
         2          0          0          8          6          0   (incl. Padding)

    ----------------------------------------------------------------------

      Code (inc. data)   RO Data    RW Data    ZI Data      Debug   Library Member Name

       100         28          0          0          0        372   dunder.o
       964         92         56          0          0        316   log.o
       248          0          0          0          0        152   poly.o
         0          0          8          0          0          0   qnan.o
         0          0          0          0          0          0   entry.o
         0          0          0          0          0          0   entry10a.o
         0          0          0          0          0          0   entry11a.o
         4          0          0          0          0          0   entry12b.o
         8          4          0          0          0          0   entry2.o
         4          0          0          0          0          0   entry5.o
         0          0          0          0          0          0   entry7b.o
         0          0          0          0          0          0   entry8b.o
         8          4          0          0          0          0   entry9a.o
        12          6          0          4          0         68   errno.o
        30          0          0          0          0          0   handlers.o
        36          8          0          0          0         68   init.o
         0          0          0          0          0          0   iusefp.o
        30          0          0          0          0         68   llshl.o
        36          0          0          0          0         68   llsshr.o
        32          0          0          0          0         68   llushr.o
      2218         90          0          0          0        464   printfa.o
         0          0          0          4          0          0   stdout.o
        30          0          0          0          0         80   strncmp.o
        44          0          0          0          0         80   uidiv.o
        98          0          0          0          0         92   uldiv.o
        48          0          0          0          0         68   cdcmple.o
        48          0          0          0          0         68   cdrcmple.o
        56          0          0          0          0         88   d2f.o
       334          0          0          0          0        148   dadd.o
       222          0          0          0          0        100   ddiv.o
       186          0          0          0          0        176   depilogue.o
        48          0          0          0          0         68   dfixul.o
        34          0          0          0          0         76   dflti.o
       228          0          0          0          0         96   dmul.o
        38          0          0          0          0         68   f2d.o
       110          0          0          0          0        168   fepilogue.o

    ----------------------------------------------------------------------
      5272        236         64          8          0       3020   Library Totals
        18          4          0          0          0          0   (incl. Padding)

    ----------------------------------------------------------------------

      Code (inc. data)   RO Data    RW Data    ZI Data      Debug   Library Name

      1312        120         64          0          0        840   m_wm.l
      2590        112          0          8          0       1056   mc_w.l
      1352          0          0          0          0       1124   mf_w.l

    ----------------------------------------------------------------------
      5272        236         64          8          0       3020   Library Totals

    ----------------------------------------------------------------------

==============================================================================


      Code (inc. data)   RO Data    RW Data    ZI Data      Debug   

     22632       1110        560        252       6532     484015   Grand Totals
     22632       1110        560        252       6532     484015   ELF Image Totals
     22632       1110        560        252          0          0   ROM Totals

==============================================================================

    Total RO  Size (Code + RO Data)                23192 (  22.65kB)
    Total RW  Size (RW Data + ZI Data)              6784 (   6.63kB)
    Total ROM Size (Code + RO Data + RW Data)      23444 (  22.89kB)

==============================================================================

