Component: ARM Compiler 5.06 update 7 (build 960) Tool: armlink [4d3601]

==============================================================================

Section Cross References

    startup_n32g43x.o(RESET) refers to startup_n32g43x.o(STACK) for __initial_sp
    startup_n32g43x.o(RESET) refers to startup_n32g43x.o(.text) for Reset_Handler
    startup_n32g43x.o(RESET) refers to n32g43x_it.o(.text) for NMI_Handler
    startup_n32g43x.o(.text) refers to system_n32g43x.o(.text) for SystemInit
    startup_n32g43x.o(.text) refers to entry.o(.ARM.Collect$$$$00000000) for __main
    system_n32g43x.o(.text) refers to system_n32g43x.o(.data) for SystemCoreClock
    system_n32g43x.o(.text) refers to system_n32g43x.o(.constdata) for MSIClockTable
    n32g43x_adc.o(.text) refers to n32g43x_rcc.o(.text) for RCC_EnableAHBPeriphReset
    n32g43x_can.o(.text) refers to n32g43x_rcc.o(.text) for RCC_EnableAPB1PeriphReset
    n32g43x_comp.o(.text) refers to n32g43x_rcc.o(.text) for RCC_EnableAPB1PeriphReset
    n32g43x_dac.o(.text) refers to n32g43x_rcc.o(.text) for RCC_EnableAPB1PeriphReset
    n32g43x_gpio.o(.text) refers to n32g43x_rcc.o(.text) for RCC_EnableAPB2PeriphReset
    n32g43x_opamp.o(.text) refers to n32g43x_rcc.o(.text) for RCC_EnableAPB1PeriphReset
    n32g43x_rcc.o(.text) refers to n32g43x_rcc.o(.constdata) for s_msiClockTable
    n32g43x_tim.o(.text) refers to n32g43x_rcc.o(.text) for RCC_EnableAPB2PeriphReset
    n32g43x_usart.o(.text) refers to n32g43x_rcc.o(.text) for RCC_EnableAPB2PeriphReset
    n32g43x_spi.o(.text) refers to n32g43x_rcc.o(.text) for RCC_EnableAPB2PeriphReset
    bsp_uart.o(.text) refers to n32g43x_rcc.o(.text) for RCC_EnableAPB2PeriphClk
    bsp_uart.o(.text) refers to n32g43x_gpio.o(.text) for GPIO_InitStruct
    bsp_uart.o(.text) refers to n32g43x_usart.o(.text) for USART_StructInit
    bsp_uart.o(.text) refers to bsp_uart.o(.data) for com_irq_cb
    bsp_systick.o(.text) refers to system_n32g43x.o(.data) for SystemCoreClock
    bsp_systick.o(.text) refers to bsp_systick.o(.data) for systick_count
    n32g43x_it.o(.text) refers to bsp_systick.o(.data) for systick_count
    main.o(.text) refers to misc.o(.text) for NVIC_PriorityGroupConfig
    main.o(.text) refers to bsp_systick.o(.text) for bsp_systick_init
    entry.o(.ARM.Collect$$$$00000000) refers (Special) to entry10a.o(.ARM.Collect$$$$0000000F) for __rt_final_cpp
    entry.o(.ARM.Collect$$$$00000000) refers (Special) to entry11a.o(.ARM.Collect$$$$00000011) for __rt_final_exit
    entry.o(.ARM.Collect$$$$00000000) refers (Special) to entry12b.o(.ARM.Collect$$$$0000000E) for __rt_lib_shutdown_fini
    entry.o(.ARM.Collect$$$$00000000) refers (Special) to entry7b.o(.ARM.Collect$$$$00000008) for _main_clock
    entry.o(.ARM.Collect$$$$00000000) refers (Special) to entry8b.o(.ARM.Collect$$$$0000000A) for _main_cpp_init
    entry.o(.ARM.Collect$$$$00000000) refers (Special) to entry9a.o(.ARM.Collect$$$$0000000B) for _main_init
    entry.o(.ARM.Collect$$$$00000000) refers (Special) to entry5.o(.ARM.Collect$$$$00000004) for _main_scatterload
    entry.o(.ARM.Collect$$$$00000000) refers (Special) to entry2.o(.ARM.Collect$$$$00000001) for _main_stk
    entry2.o(.ARM.Collect$$$$00000001) refers to entry2.o(.ARM.Collect$$$$00002712) for __lit__00000000
    entry2.o(.ARM.Collect$$$$00002712) refers to startup_n32g43x.o(STACK) for __initial_sp
    entry2.o(__vectab_stack_and_reset_area) refers to startup_n32g43x.o(STACK) for __initial_sp
    entry2.o(__vectab_stack_and_reset_area) refers to entry.o(.ARM.Collect$$$$00000000) for __main
    entry5.o(.ARM.Collect$$$$00000004) refers to init.o(.text) for __scatterload
    entry9a.o(.ARM.Collect$$$$0000000B) refers to main.o(.text) for main
    entry9b.o(.ARM.Collect$$$$0000000C) refers to main.o(.text) for main
    init.o(.text) refers to entry5.o(.ARM.Collect$$$$00000004) for __main_after_scatterload


==============================================================================

Removing Unused input sections from the image.

    Removing startup_n32g43x.o(HEAP), (0 bytes).
    Removing system_n32g43x.o(.rev16_text), (4 bytes).
    Removing system_n32g43x.o(.revsh_text), (4 bytes).
    Removing system_n32g43x.o(.rrx_text), (6 bytes).
    Removing misc.o(.rev16_text), (4 bytes).
    Removing misc.o(.revsh_text), (4 bytes).
    Removing misc.o(.rrx_text), (6 bytes).
    Removing n32g43x_adc.o(.rev16_text), (4 bytes).
    Removing n32g43x_adc.o(.revsh_text), (4 bytes).
    Removing n32g43x_adc.o(.rrx_text), (6 bytes).
    Removing n32g43x_adc.o(.text), (1448 bytes).
    Removing n32g43x_can.o(.rev16_text), (4 bytes).
    Removing n32g43x_can.o(.revsh_text), (4 bytes).
    Removing n32g43x_can.o(.rrx_text), (6 bytes).
    Removing n32g43x_can.o(.text), (2460 bytes).
    Removing n32g43x_comp.o(.rev16_text), (4 bytes).
    Removing n32g43x_comp.o(.revsh_text), (4 bytes).
    Removing n32g43x_comp.o(.rrx_text), (6 bytes).
    Removing n32g43x_comp.o(.text), (836 bytes).
    Removing n32g43x_dac.o(.rev16_text), (4 bytes).
    Removing n32g43x_dac.o(.revsh_text), (4 bytes).
    Removing n32g43x_dac.o(.rrx_text), (6 bytes).
    Removing n32g43x_dac.o(.text), (312 bytes).
    Removing n32g43x_dma.o(.rev16_text), (4 bytes).
    Removing n32g43x_dma.o(.revsh_text), (4 bytes).
    Removing n32g43x_dma.o(.rrx_text), (6 bytes).
    Removing n32g43x_dma.o(.text), (440 bytes).
    Removing n32g43x_exti.o(.rev16_text), (4 bytes).
    Removing n32g43x_exti.o(.revsh_text), (4 bytes).
    Removing n32g43x_exti.o(.rrx_text), (6 bytes).
    Removing n32g43x_exti.o(.text), (304 bytes).
    Removing n32g43x_flash.o(.rev16_text), (4 bytes).
    Removing n32g43x_flash.o(.revsh_text), (4 bytes).
    Removing n32g43x_flash.o(.rrx_text), (6 bytes).
    Removing n32g43x_flash.o(.text), (2556 bytes).
    Removing n32g43x_gpio.o(.rev16_text), (4 bytes).
    Removing n32g43x_gpio.o(.revsh_text), (4 bytes).
    Removing n32g43x_gpio.o(.rrx_text), (6 bytes).
    Removing n32g43x_gpio.o(.text), (1372 bytes).
    Removing n32g43x_opamp.o(.rev16_text), (4 bytes).
    Removing n32g43x_opamp.o(.revsh_text), (4 bytes).
    Removing n32g43x_opamp.o(.rrx_text), (6 bytes).
    Removing n32g43x_opamp.o(.text), (376 bytes).
    Removing n32g43x_rcc.o(.rev16_text), (4 bytes).
    Removing n32g43x_rcc.o(.revsh_text), (4 bytes).
    Removing n32g43x_rcc.o(.rrx_text), (6 bytes).
    Removing n32g43x_rcc.o(.text), (2040 bytes).
    Removing n32g43x_rcc.o(.constdata), (92 bytes).
    Removing n32g43x_tim.o(.rev16_text), (4 bytes).
    Removing n32g43x_tim.o(.revsh_text), (4 bytes).
    Removing n32g43x_tim.o(.rrx_text), (6 bytes).
    Removing n32g43x_tim.o(.text), (3984 bytes).
    Removing n32g43x_usart.o(.rev16_text), (4 bytes).
    Removing n32g43x_usart.o(.revsh_text), (4 bytes).
    Removing n32g43x_usart.o(.rrx_text), (6 bytes).
    Removing n32g43x_usart.o(.text), (944 bytes).
    Removing n32g43x_spi.o(.rev16_text), (4 bytes).
    Removing n32g43x_spi.o(.revsh_text), (4 bytes).
    Removing n32g43x_spi.o(.rrx_text), (6 bytes).
    Removing n32g43x_spi.o(.text), (752 bytes).
    Removing bsp_uart.o(.rev16_text), (4 bytes).
    Removing bsp_uart.o(.revsh_text), (4 bytes).
    Removing bsp_uart.o(.rrx_text), (6 bytes).
    Removing bsp_uart.o(.text), (256 bytes).
    Removing bsp_uart.o(.data), (4 bytes).
    Removing bsp_systick.o(.rev16_text), (4 bytes).
    Removing bsp_systick.o(.revsh_text), (4 bytes).
    Removing bsp_systick.o(.rrx_text), (6 bytes).
    Removing n32g43x_it.o(.rev16_text), (4 bytes).
    Removing n32g43x_it.o(.revsh_text), (4 bytes).
    Removing n32g43x_it.o(.rrx_text), (6 bytes).
    Removing n32g43x_it.o(.data), (4 bytes).
    Removing main.o(.rev16_text), (4 bytes).
    Removing main.o(.revsh_text), (4 bytes).
    Removing main.o(.rrx_text), (6 bytes).

75 unused section(s) (total 18446 bytes) removed from the image.

==============================================================================

Image Symbol Table

    Local Symbols

    Symbol Name                              Value     Ov Type        Size  Object(Section)

    ../clib/microlib/init/entry.s            0x00000000   Number         0  entry9a.o ABSOLUTE
    ../clib/microlib/init/entry.s            0x00000000   Number         0  entry11a.o ABSOLUTE
    ../clib/microlib/init/entry.s            0x00000000   Number         0  entry10b.o ABSOLUTE
    ../clib/microlib/init/entry.s            0x00000000   Number         0  entry10a.o ABSOLUTE
    ../clib/microlib/init/entry.s            0x00000000   Number         0  entry9b.o ABSOLUTE
    ../clib/microlib/init/entry.s            0x00000000   Number         0  entry12b.o ABSOLUTE
    ../clib/microlib/init/entry.s            0x00000000   Number         0  entry12a.o ABSOLUTE
    ../clib/microlib/init/entry.s            0x00000000   Number         0  entry8b.o ABSOLUTE
    ../clib/microlib/init/entry.s            0x00000000   Number         0  entry8a.o ABSOLUTE
    ../clib/microlib/init/entry.s            0x00000000   Number         0  entry7b.o ABSOLUTE
    ../clib/microlib/init/entry.s            0x00000000   Number         0  entry11b.o ABSOLUTE
    ../clib/microlib/init/entry.s            0x00000000   Number         0  entry2.o ABSOLUTE
    ../clib/microlib/init/entry.s            0x00000000   Number         0  entry7a.o ABSOLUTE
    ../clib/microlib/init/entry.s            0x00000000   Number         0  entry.o ABSOLUTE
    ../clib/microlib/init/entry.s            0x00000000   Number         0  entry5.o ABSOLUTE
    ..\Libraries\Lib\src\misc.c              0x00000000   Number         0  misc.o ABSOLUTE
    ..\Libraries\Lib\src\n32g43x_adc.c       0x00000000   Number         0  n32g43x_adc.o ABSOLUTE
    ..\Libraries\Lib\src\n32g43x_can.c       0x00000000   Number         0  n32g43x_can.o ABSOLUTE
    ..\Libraries\Lib\src\n32g43x_comp.c      0x00000000   Number         0  n32g43x_comp.o ABSOLUTE
    ..\Libraries\Lib\src\n32g43x_dac.c       0x00000000   Number         0  n32g43x_dac.o ABSOLUTE
    ..\Libraries\Lib\src\n32g43x_dma.c       0x00000000   Number         0  n32g43x_dma.o ABSOLUTE
    ..\Libraries\Lib\src\n32g43x_exti.c      0x00000000   Number         0  n32g43x_exti.o ABSOLUTE
    ..\Libraries\Lib\src\n32g43x_flash.c     0x00000000   Number         0  n32g43x_flash.o ABSOLUTE
    ..\Libraries\Lib\src\n32g43x_gpio.c      0x00000000   Number         0  n32g43x_gpio.o ABSOLUTE
    ..\Libraries\Lib\src\n32g43x_opamp.c     0x00000000   Number         0  n32g43x_opamp.o ABSOLUTE
    ..\Libraries\Lib\src\n32g43x_rcc.c       0x00000000   Number         0  n32g43x_rcc.o ABSOLUTE
    ..\Libraries\Lib\src\n32g43x_spi.c       0x00000000   Number         0  n32g43x_spi.o ABSOLUTE
    ..\Libraries\Lib\src\n32g43x_tim.c       0x00000000   Number         0  n32g43x_tim.o ABSOLUTE
    ..\Libraries\Lib\src\n32g43x_usart.c     0x00000000   Number         0  n32g43x_usart.o ABSOLUTE
    ..\Libraries\Startup\startup_n32g43x.s   0x00000000   Number         0  startup_n32g43x.o ABSOLUTE
    ..\Libraries\SysConfig\system_n32g43x.c  0x00000000   Number         0  system_n32g43x.o ABSOLUTE
    ..\Source\App\main.c                     0x00000000   Number         0  main.o ABSOLUTE
    ..\Source\Bsp\bsp_systick.c              0x00000000   Number         0  bsp_systick.o ABSOLUTE
    ..\Source\Bsp\bsp_uart.c                 0x00000000   Number         0  bsp_uart.o ABSOLUTE
    ..\Source\Bsp\n32g43x_it.c               0x00000000   Number         0  n32g43x_it.o ABSOLUTE
    ..\\Libraries\\Lib\\src\\misc.c          0x00000000   Number         0  misc.o ABSOLUTE
    ..\\Libraries\\Lib\\src\\n32g43x_adc.c   0x00000000   Number         0  n32g43x_adc.o ABSOLUTE
    ..\\Libraries\\Lib\\src\\n32g43x_can.c   0x00000000   Number         0  n32g43x_can.o ABSOLUTE
    ..\\Libraries\\Lib\\src\\n32g43x_comp.c  0x00000000   Number         0  n32g43x_comp.o ABSOLUTE
    ..\\Libraries\\Lib\\src\\n32g43x_dac.c   0x00000000   Number         0  n32g43x_dac.o ABSOLUTE
    ..\\Libraries\\Lib\\src\\n32g43x_dma.c   0x00000000   Number         0  n32g43x_dma.o ABSOLUTE
    ..\\Libraries\\Lib\\src\\n32g43x_exti.c  0x00000000   Number         0  n32g43x_exti.o ABSOLUTE
    ..\\Libraries\\Lib\\src\\n32g43x_flash.c 0x00000000   Number         0  n32g43x_flash.o ABSOLUTE
    ..\\Libraries\\Lib\\src\\n32g43x_gpio.c  0x00000000   Number         0  n32g43x_gpio.o ABSOLUTE
    ..\\Libraries\\Lib\\src\\n32g43x_opamp.c 0x00000000   Number         0  n32g43x_opamp.o ABSOLUTE
    ..\\Libraries\\Lib\\src\\n32g43x_rcc.c   0x00000000   Number         0  n32g43x_rcc.o ABSOLUTE
    ..\\Libraries\\Lib\\src\\n32g43x_spi.c   0x00000000   Number         0  n32g43x_spi.o ABSOLUTE
    ..\\Libraries\\Lib\\src\\n32g43x_tim.c   0x00000000   Number         0  n32g43x_tim.o ABSOLUTE
    ..\\Libraries\\Lib\\src\\n32g43x_usart.c 0x00000000   Number         0  n32g43x_usart.o ABSOLUTE
    ..\\Libraries\\SysConfig\\system_n32g43x.c 0x00000000   Number         0  system_n32g43x.o ABSOLUTE
    ..\\Source\\App\\main.c                  0x00000000   Number         0  main.o ABSOLUTE
    ..\\Source\\Bsp\\bsp_systick.c           0x00000000   Number         0  bsp_systick.o ABSOLUTE
    ..\\Source\\Bsp\\bsp_uart.c              0x00000000   Number         0  bsp_uart.o ABSOLUTE
    ..\\Source\\Bsp\\n32g43x_it.c            0x00000000   Number         0  n32g43x_it.o ABSOLUTE
    dc.s                                     0x00000000   Number         0  dc.o ABSOLUTE
    handlers.s                               0x00000000   Number         0  handlers.o ABSOLUTE
    init.s                                   0x00000000   Number         0  init.o ABSOLUTE
    RESET                                    0x08000000   Section      328  startup_n32g43x.o(RESET)
    .ARM.Collect$$$$00000000                 0x08000148   Section        0  entry.o(.ARM.Collect$$$$00000000)
    .ARM.Collect$$$$00000001                 0x08000148   Section        4  entry2.o(.ARM.Collect$$$$00000001)
    .ARM.Collect$$$$00000004                 0x0800014c   Section        4  entry5.o(.ARM.Collect$$$$00000004)
    .ARM.Collect$$$$00000008                 0x08000150   Section        0  entry7b.o(.ARM.Collect$$$$00000008)
    .ARM.Collect$$$$0000000A                 0x08000150   Section        0  entry8b.o(.ARM.Collect$$$$0000000A)
    .ARM.Collect$$$$0000000B                 0x08000150   Section        8  entry9a.o(.ARM.Collect$$$$0000000B)
    .ARM.Collect$$$$0000000E                 0x08000158   Section        4  entry12b.o(.ARM.Collect$$$$0000000E)
    .ARM.Collect$$$$0000000F                 0x0800015c   Section        0  entry10a.o(.ARM.Collect$$$$0000000F)
    .ARM.Collect$$$$00000011                 0x0800015c   Section        0  entry11a.o(.ARM.Collect$$$$00000011)
    .ARM.Collect$$$$00002712                 0x0800015c   Section        4  entry2.o(.ARM.Collect$$$$00002712)
    __lit__00000000                          0x0800015c   Data           4  entry2.o(.ARM.Collect$$$$00002712)
    .text                                    0x08000160   Section       36  startup_n32g43x.o(.text)
    $v0                                      0x08000160   Number         0  startup_n32g43x.o(.text)
    .text                                    0x08000184   Section        0  system_n32g43x.o(.text)
    SetSysClock                              0x08000185   Thumb Code   258  system_n32g43x.o(.text)
    .text                                    0x08000458   Section        0  misc.o(.text)
    .text                                    0x08000534   Section        0  bsp_systick.o(.text)
    .text                                    0x080005cc   Section        0  n32g43x_it.o(.text)
    .text                                    0x08000608   Section        0  main.o(.text)
    .text                                    0x08000618   Section       36  init.o(.text)
    i.__scatterload_copy                     0x0800063c   Section       14  handlers.o(i.__scatterload_copy)
    i.__scatterload_null                     0x0800064a   Section        2  handlers.o(i.__scatterload_null)
    i.__scatterload_zeroinit                 0x0800064c   Section       14  handlers.o(i.__scatterload_zeroinit)
    .constdata                               0x0800065c   Section       44  system_n32g43x.o(.constdata)
    .data                                    0x20000000   Section        4  system_n32g43x.o(.data)
    .data                                    0x20000004   Section        4  bsp_systick.o(.data)
    STACK                                    0x20000008   Section     5376  startup_n32g43x.o(STACK)

    Global Symbols

    Symbol Name                              Value     Ov Type        Size  Object(Section)

    BuildAttributes$$THM_ISAv4$E$P$D$K$B$S$7EM$VFPi3$EXTD16$VFPS$VFMA$PE$A:L22UL41UL21$X:L11$S22US41US21$IEEE1$IW$USESV6$~STKCKD$USESV7$~SHL$OSPACE$EBA8$MICROLIB$REQ8$PRES8$EABIv2 0x00000000   Number         0  anon$$obj.o ABSOLUTE
    __ARM_use_no_argv                        0x00000000   Number         0  main.o ABSOLUTE
    __arm_fini_                               - Undefined Weak Reference
    __cpp_initialize__aeabi_                  - Undefined Weak Reference
    __cxa_finalize                            - Undefined Weak Reference
    __decompress                              - Undefined Weak Reference
    _clock_init                               - Undefined Weak Reference
    _microlib_exit                            - Undefined Weak Reference
    __Vectors_Size                           0x00000148   Number         0  startup_n32g43x.o ABSOLUTE
    __Vectors                                0x08000000   Data           4  startup_n32g43x.o(RESET)
    __Vectors_End                            0x08000148   Data           0  startup_n32g43x.o(RESET)
    __main                                   0x08000149   Thumb Code     0  entry.o(.ARM.Collect$$$$00000000)
    _main_stk                                0x08000149   Thumb Code     0  entry2.o(.ARM.Collect$$$$00000001)
    _main_scatterload                        0x0800014d   Thumb Code     0  entry5.o(.ARM.Collect$$$$00000004)
    __main_after_scatterload                 0x08000151   Thumb Code     0  entry5.o(.ARM.Collect$$$$00000004)
    _main_clock                              0x08000151   Thumb Code     0  entry7b.o(.ARM.Collect$$$$00000008)
    _main_cpp_init                           0x08000151   Thumb Code     0  entry8b.o(.ARM.Collect$$$$0000000A)
    _main_init                               0x08000151   Thumb Code     0  entry9a.o(.ARM.Collect$$$$0000000B)
    __rt_lib_shutdown_fini                   0x08000159   Thumb Code     0  entry12b.o(.ARM.Collect$$$$0000000E)
    __rt_final_cpp                           0x0800015d   Thumb Code     0  entry10a.o(.ARM.Collect$$$$0000000F)
    __rt_final_exit                          0x0800015d   Thumb Code     0  entry11a.o(.ARM.Collect$$$$00000011)
    Reset_Handler                            0x08000161   Thumb Code     8  startup_n32g43x.o(.text)
    PendSV_Handler                           0x08000177   Thumb Code     2  startup_n32g43x.o(.text)
    CAN_RX1_IRQHandler                       0x0800017b   Thumb Code     0  startup_n32g43x.o(.text)
    CAN_SCE_IRQHandler                       0x0800017b   Thumb Code     0  startup_n32g43x.o(.text)
    CAN_TX_IRQHandler                        0x0800017b   Thumb Code     0  startup_n32g43x.o(.text)
    COMP_1_2_IRQHandler                      0x0800017b   Thumb Code     0  startup_n32g43x.o(.text)
    DMA_Channel1_IRQHandler                  0x0800017b   Thumb Code     0  startup_n32g43x.o(.text)
    DMA_Channel2_IRQHandler                  0x0800017b   Thumb Code     0  startup_n32g43x.o(.text)
    DMA_Channel3_IRQHandler                  0x0800017b   Thumb Code     0  startup_n32g43x.o(.text)
    DMA_Channel4_IRQHandler                  0x0800017b   Thumb Code     0  startup_n32g43x.o(.text)
    DMA_Channel5_IRQHandler                  0x0800017b   Thumb Code     0  startup_n32g43x.o(.text)
    DMA_Channel6_IRQHandler                  0x0800017b   Thumb Code     0  startup_n32g43x.o(.text)
    DMA_Channel7_IRQHandler                  0x0800017b   Thumb Code     0  startup_n32g43x.o(.text)
    DMA_Channel8_IRQHandler                  0x0800017b   Thumb Code     0  startup_n32g43x.o(.text)
    EXTI0_IRQHandler                         0x0800017b   Thumb Code     0  startup_n32g43x.o(.text)
    EXTI15_10_IRQHandler                     0x0800017b   Thumb Code     0  startup_n32g43x.o(.text)
    EXTI4_IRQHandler                         0x0800017b   Thumb Code     0  startup_n32g43x.o(.text)
    EXTI9_5_IRQHandler                       0x0800017b   Thumb Code     0  startup_n32g43x.o(.text)
    FLASH_IRQHandler                         0x0800017b   Thumb Code     0  startup_n32g43x.o(.text)
    I2C1_ER_IRQHandler                       0x0800017b   Thumb Code     0  startup_n32g43x.o(.text)
    I2C1_EV_IRQHandler                       0x0800017b   Thumb Code     0  startup_n32g43x.o(.text)
    I2C2_ER_IRQHandler                       0x0800017b   Thumb Code     0  startup_n32g43x.o(.text)
    I2C2_EV_IRQHandler                       0x0800017b   Thumb Code     0  startup_n32g43x.o(.text)
    LPTIM_WKUP_IRQHandler                    0x0800017b   Thumb Code     0  startup_n32g43x.o(.text)
    LPUART_IRQHandler                        0x0800017b   Thumb Code     0  startup_n32g43x.o(.text)
    LPUART_WKUP_IRQHandler                   0x0800017b   Thumb Code     0  startup_n32g43x.o(.text)
    MMU_IRQHandler                           0x0800017b   Thumb Code     0  startup_n32g43x.o(.text)
    PVD_IRQHandler                           0x0800017b   Thumb Code     0  startup_n32g43x.o(.text)
    RAMC_PERR_IRQHandler                     0x0800017b   Thumb Code     0  startup_n32g43x.o(.text)
    RCC_IRQHandler                           0x0800017b   Thumb Code     0  startup_n32g43x.o(.text)
    RTCAlarm_IRQHandler                      0x0800017b   Thumb Code     0  startup_n32g43x.o(.text)
    RTC_WKUP_IRQHandler                      0x0800017b   Thumb Code     0  startup_n32g43x.o(.text)
    SAC_IRQHandler                           0x0800017b   Thumb Code     0  startup_n32g43x.o(.text)
    SPI1_IRQHandler                          0x0800017b   Thumb Code     0  startup_n32g43x.o(.text)
    SPI2_IRQHandler                          0x0800017b   Thumb Code     0  startup_n32g43x.o(.text)
    TAMPER_IRQHandler                        0x0800017b   Thumb Code     0  startup_n32g43x.o(.text)
    TIM1_CC_IRQHandler                       0x0800017b   Thumb Code     0  startup_n32g43x.o(.text)
    TIM1_TRG_COM_IRQHandler                  0x0800017b   Thumb Code     0  startup_n32g43x.o(.text)
    TIM2_IRQHandler                          0x0800017b   Thumb Code     0  startup_n32g43x.o(.text)
    TIM3_IRQHandler                          0x0800017b   Thumb Code     0  startup_n32g43x.o(.text)
    TIM4_IRQHandler                          0x0800017b   Thumb Code     0  startup_n32g43x.o(.text)
    TIM5_IRQHandler                          0x0800017b   Thumb Code     0  startup_n32g43x.o(.text)
    TIM6_IRQHandler                          0x0800017b   Thumb Code     0  startup_n32g43x.o(.text)
    TIM7_IRQHandler                          0x0800017b   Thumb Code     0  startup_n32g43x.o(.text)
    TIM8_BRK_IRQHandler                      0x0800017b   Thumb Code     0  startup_n32g43x.o(.text)
    TIM8_CC_IRQHandler                       0x0800017b   Thumb Code     0  startup_n32g43x.o(.text)
    TIM8_TRG_COM_IRQHandler                  0x0800017b   Thumb Code     0  startup_n32g43x.o(.text)
    TIM9_IRQHandler                          0x0800017b   Thumb Code     0  startup_n32g43x.o(.text)
    TSC_IRQHandler                           0x0800017b   Thumb Code     0  startup_n32g43x.o(.text)
    UCDR_IRQHandler                          0x0800017b   Thumb Code     0  startup_n32g43x.o(.text)
    USART1_IRQHandler                        0x0800017b   Thumb Code     0  startup_n32g43x.o(.text)
    USART2_IRQHandler                        0x0800017b   Thumb Code     0  startup_n32g43x.o(.text)
    USBWakeUp_IRQHandler                     0x0800017b   Thumb Code     0  startup_n32g43x.o(.text)
    USB_HP_IRQHandler                        0x0800017b   Thumb Code     0  startup_n32g43x.o(.text)
    USB_LP_IRQHandler                        0x0800017b   Thumb Code     0  startup_n32g43x.o(.text)
    WWDG_IRQHandler                          0x0800017b   Thumb Code     0  startup_n32g43x.o(.text)
    SystemInit                               0x08000287   Thumb Code   160  system_n32g43x.o(.text)
    SystemCoreClockUpdate                    0x08000327   Thumb Code   236  system_n32g43x.o(.text)
    NVIC_PriorityGroupConfig                 0x08000459   Thumb Code    10  misc.o(.text)
    NVIC_Init                                0x08000463   Thumb Code   100  misc.o(.text)
    NVIC_SetVectorTable                      0x080004c7   Thumb Code    14  misc.o(.text)
    NVIC_SystemLPConfig                      0x080004d5   Thumb Code    34  misc.o(.text)
    SysTick_CLKSourceConfig                  0x080004f7   Thumb Code    40  misc.o(.text)
    bsp_systick_init                         0x08000535   Thumb Code    90  bsp_systick.o(.text)
    bsp_systick_disable                      0x0800058f   Thumb Code    18  bsp_systick.o(.text)
    bsp_systick_time_get                     0x080005a1   Thumb Code     6  bsp_systick.o(.text)
    bsp_delay_ms                             0x080005a7   Thumb Code    20  bsp_systick.o(.text)
    NMI_Handler                              0x080005cd   Thumb Code     2  n32g43x_it.o(.text)
    HardFault_Handler                        0x080005cf   Thumb Code     4  n32g43x_it.o(.text)
    MemManage_Handler                        0x080005d3   Thumb Code     4  n32g43x_it.o(.text)
    BusFault_Handler                         0x080005d7   Thumb Code     4  n32g43x_it.o(.text)
    UsageFault_Handler                       0x080005db   Thumb Code     4  n32g43x_it.o(.text)
    SVC_Handler                              0x080005df   Thumb Code     2  n32g43x_it.o(.text)
    DebugMon_Handler                         0x080005e1   Thumb Code     2  n32g43x_it.o(.text)
    SysTick_Handler                          0x080005e3   Thumb Code    12  n32g43x_it.o(.text)
    CAN_RX0_IRQHandler                       0x080005ef   Thumb Code     2  n32g43x_it.o(.text)
    USART3_IRQHandler                        0x080005f1   Thumb Code     2  n32g43x_it.o(.text)
    UART4_IRQHandler                         0x080005f3   Thumb Code     2  n32g43x_it.o(.text)
    UART5_IRQHandler                         0x080005f5   Thumb Code     2  n32g43x_it.o(.text)
    ADC_IRQHandler                           0x080005f7   Thumb Code     2  n32g43x_it.o(.text)
    TIM1_BRK_IRQHandler                      0x080005f9   Thumb Code     2  n32g43x_it.o(.text)
    TIM1_UP_IRQHandler                       0x080005fb   Thumb Code     2  n32g43x_it.o(.text)
    TIM8_UP_IRQHandler                       0x080005fd   Thumb Code     2  n32g43x_it.o(.text)
    EXTI1_IRQHandler                         0x080005ff   Thumb Code     2  n32g43x_it.o(.text)
    EXTI2_IRQHandler                         0x08000601   Thumb Code     2  n32g43x_it.o(.text)
    EXTI3_IRQHandler                         0x08000603   Thumb Code     2  n32g43x_it.o(.text)
    main                                     0x08000609   Thumb Code    16  main.o(.text)
    __scatterload                            0x08000619   Thumb Code    28  init.o(.text)
    __scatterload_rt2                        0x08000619   Thumb Code     0  init.o(.text)
    __scatterload_copy                       0x0800063d   Thumb Code    14  handlers.o(i.__scatterload_copy)
    __scatterload_null                       0x0800064b   Thumb Code     2  handlers.o(i.__scatterload_null)
    __scatterload_zeroinit                   0x0800064d   Thumb Code    14  handlers.o(i.__scatterload_zeroinit)
    AHBPrescTable                            0x0800065c   Data          16  system_n32g43x.o(.constdata)
    MSIClockTable                            0x0800066c   Data          28  system_n32g43x.o(.constdata)
    Region$$Table$$Base                      0x08000688   Number         0  anon$$obj.o(Region$$Table)
    Region$$Table$$Limit                     0x080006a8   Number         0  anon$$obj.o(Region$$Table)
    SystemCoreClock                          0x20000000   Data           4  system_n32g43x.o(.data)
    systick_count                            0x20000004   Data           4  bsp_systick.o(.data)
    __initial_sp                             0x20001508   Data           0  startup_n32g43x.o(STACK)



==============================================================================

Memory Map of the image

  Image Entry point : 0x08000149

  Load Region LR_IROM1 (Base: 0x08000000, Size: 0x000006b0, Max: 0x00020000, ABSOLUTE)

    Execution Region ER_IROM1 (Exec base: 0x08000000, Load base: 0x08000000, Size: 0x000006a8, Max: 0x00020000, ABSOLUTE)

    Exec Addr    Load Addr    Size         Type   Attr      Idx    E Section Name        Object

    0x08000000   0x08000000   0x00000148   Data   RO            3    RESET               startup_n32g43x.o
    0x08000148   0x08000148   0x00000000   Code   RO          697  * .ARM.Collect$$$$00000000  mc_w.l(entry.o)
    0x08000148   0x08000148   0x00000004   Code   RO          700    .ARM.Collect$$$$00000001  mc_w.l(entry2.o)
    0x0800014c   0x0800014c   0x00000004   Code   RO          703    .ARM.Collect$$$$00000004  mc_w.l(entry5.o)
    0x08000150   0x08000150   0x00000000   Code   RO          705    .ARM.Collect$$$$00000008  mc_w.l(entry7b.o)
    0x08000150   0x08000150   0x00000000   Code   RO          707    .ARM.Collect$$$$0000000A  mc_w.l(entry8b.o)
    0x08000150   0x08000150   0x00000008   Code   RO          708    .ARM.Collect$$$$0000000B  mc_w.l(entry9a.o)
    0x08000158   0x08000158   0x00000004   Code   RO          715    .ARM.Collect$$$$0000000E  mc_w.l(entry12b.o)
    0x0800015c   0x0800015c   0x00000000   Code   RO          710    .ARM.Collect$$$$0000000F  mc_w.l(entry10a.o)
    0x0800015c   0x0800015c   0x00000000   Code   RO          712    .ARM.Collect$$$$00000011  mc_w.l(entry11a.o)
    0x0800015c   0x0800015c   0x00000004   Code   RO          701    .ARM.Collect$$$$00002712  mc_w.l(entry2.o)
    0x08000160   0x08000160   0x00000024   Code   RO            4    .text               startup_n32g43x.o
    0x08000184   0x08000184   0x000002d4   Code   RO           13    .text               system_n32g43x.o
    0x08000458   0x08000458   0x000000dc   Code   RO          139    .text               misc.o
    0x08000534   0x08000534   0x00000098   Code   RO          607    .text               bsp_systick.o
    0x080005cc   0x080005cc   0x0000003c   Code   RO          641    .text               n32g43x_it.o
    0x08000608   0x08000608   0x00000010   Code   RO          672    .text               main.o
    0x08000618   0x08000618   0x00000024   Code   RO          716    .text               mc_w.l(init.o)
    0x0800063c   0x0800063c   0x0000000e   Code   RO          720    i.__scatterload_copy  mc_w.l(handlers.o)
    0x0800064a   0x0800064a   0x00000002   Code   RO          721    i.__scatterload_null  mc_w.l(handlers.o)
    0x0800064c   0x0800064c   0x0000000e   Code   RO          722    i.__scatterload_zeroinit  mc_w.l(handlers.o)
    0x0800065a   0x0800065a   0x00000002   PAD
    0x0800065c   0x0800065c   0x0000002c   Data   RO           14    .constdata          system_n32g43x.o
    0x08000688   0x08000688   0x00000020   Data   RO          718    Region$$Table       anon$$obj.o


    Execution Region RW_IRAM1 (Exec base: 0x20000000, Load base: 0x080006a8, Size: 0x00001508, Max: 0x00008000, ABSOLUTE)

    Exec Addr    Load Addr    Size         Type   Attr      Idx    E Section Name        Object

    0x20000000   0x080006a8   0x00000004   Data   RW           15    .data               system_n32g43x.o
    0x20000004   0x080006ac   0x00000004   Data   RW          608    .data               bsp_systick.o
    0x20000008        -       0x00001500   Zero   RW            1    STACK               startup_n32g43x.o


==============================================================================

Image component sizes


      Code (inc. data)   RO Data    RW Data    ZI Data      Debug   Object Name

       152         18          0          4          0      32104   bsp_systick.o
         0          0          0          0          0     226484   bsp_uart.o
        16          0          0          0          0        475   main.o
       220         22          0          0          0       1877   misc.o
        60          4          0          0          0       2362   n32g43x_it.o
        36          8        328          0       5376        884   startup_n32g43x.o
       724         70         44          4          0     235225   system_n32g43x.o

    ----------------------------------------------------------------------
      1208        122        404          8       5376     499411   Object Totals
         0          0         32          0          0          0   (incl. Generated)
         0          0          0          0          0          0   (incl. Padding)

    ----------------------------------------------------------------------

      Code (inc. data)   RO Data    RW Data    ZI Data      Debug   Library Member Name

         0          0          0          0          0          0   entry.o
         0          0          0          0          0          0   entry10a.o
         0          0          0          0          0          0   entry11a.o
         4          0          0          0          0          0   entry12b.o
         8          4          0          0          0          0   entry2.o
         4          0          0          0          0          0   entry5.o
         0          0          0          0          0          0   entry7b.o
         0          0          0          0          0          0   entry8b.o
         8          4          0          0          0          0   entry9a.o
        30          0          0          0          0          0   handlers.o
        36          8          0          0          0         68   init.o

    ----------------------------------------------------------------------
        92         16          0          0          0         68   Library Totals
         2          0          0          0          0          0   (incl. Padding)

    ----------------------------------------------------------------------

      Code (inc. data)   RO Data    RW Data    ZI Data      Debug   Library Name

        90         16          0          0          0         68   mc_w.l

    ----------------------------------------------------------------------
        92         16          0          0          0         68   Library Totals

    ----------------------------------------------------------------------

==============================================================================


      Code (inc. data)   RO Data    RW Data    ZI Data      Debug   

      1300        138        404          8       5376     499183   Grand Totals
      1300        138        404          8       5376     499183   ELF Image Totals
      1300        138        404          8          0          0   ROM Totals

==============================================================================

    Total RO  Size (Code + RO Data)                 1704 (   1.66kB)
    Total RW  Size (RW Data + ZI Data)              5384 (   5.26kB)
    Total ROM Size (Code + RO Data + RW Data)       1712 (   1.67kB)

==============================================================================

