<html>
<body>
<pre>
<h1>µVision Build Log</h1>
<h2>Tool Versions:</h2>
IDE-Version: ¦ÌVision V5.36.0.0
Copyright (C) 2021 ARM Ltd and ARM Germany GmbH. All rights reserved.
License Information: 1 2, 3, LIC=65ISZ-J6KTR-BS3YX-HB1HJ-L92M9-I2GGY
 
Tool Versions:
Toolchain:       MDK-ARM Plus  Version: 5.36.0.0
Toolchain Path:  D:\keil5\ARM\ARMCC\Bin
C Compiler:      Armcc.exe V5.06 update 7 (build 960)
Assembler:       Armasm.exe V5.06 update 7 (build 960)
Linker/Locator:  ArmLink.exe V5.06 update 7 (build 960)
Library Manager: ArmAr.exe V5.06 update 7 (build 960)
Hex Converter:   FromElf.exe V5.06 update 7 (build 960)
CPU DLL:         SARMCM3.DLL V5.36.0.0
Dialog DLL:      DCM.DLL V1.17.3.0
Target DLL:      STLink\ST-LINKIII-KEIL_SWO.dll V3.0.9.0
Dialog DLL:      TCM.DLL V1.53.0.0
 
<h2>Project:</h2>
d:\3_JKD_Stm32\8_BLDC\ÐÞ¸ÄÖÐ\BLDC\Project\n32g43x_bldc_motor.uvprojx
Project File Date:  07/14/2026

<h2>Output:</h2>
*** Using Compiler 'V5.06 update 7 (build 960)', folder: 'D:\keil5\ARM\ARMCC\Bin'
Build target 'MotorControl'
compiling bsp_pwm.c...
..\Source\Bsp\bsp_pwm.c(84): warning:  #513-D: a value of type "void *(*)(void)" cannot be assigned to an entity of type "void (*)(void)"
  	pwm_irq_cb.pwm_cb = irq_cb;
..\Source\Bsp\bsp_pwm.c: 1 warning, 0 errors
linking...
Program Size: Code=12772 RO-data=496 RW-data=192 ZI-data=6440  
FromELF: creating hex file...
".\Obj\bldc_motor.axf" - 0 Error(s), 1 Warning(s).

<h2>Software Packages used:</h2>

Package Vendor: Nationstech
                http://www.keil.com/pack/Nationstech.N32G43x_DFP.0.9.6.pack
                Nationstech.N32G43x_DFP.0.9.6
                Nationstech N32G43x Series Device Support, Drivers and Examples

<h2>Collection of Component include folders:</h2>
  D:\keil5\Nationstech\N32G43x_DFP\0.9.6\firmware\CMSIS\device

<h2>Collection of Component Files used:</h2>
Build Time Elapsed:  00:00:02
</pre>
</body>
</html>
