<html>
<body>
<pre>
<h1>礦ision Build Log</h1>
<h2>Tool Versions:</h2>
IDE-Version: μVision V5.34.0.0
Copyright (C) 2021 ARM Ltd and ARM Germany GmbH. All rights reserved.
License Information: 1 Administrator, 1, LIC=03C6R-KS51G-BSNYX-HZGTY-63JTC-0EMJH
 
Tool Versions:
Toolchain:       MDK-ARM Plus  Version: 5.34.0.0
Toolchain Path:  C:\Keil_v5\ARM\ARMCC\Bin
C Compiler:      Armcc.exe V5.06 update 7 (build 960)
Assembler:       Armasm.exe V5.06 update 7 (build 960)
Linker/Locator:  ArmLink.exe V5.06 update 7 (build 960)
Library Manager: ArmAr.exe V5.06 update 7 (build 960)
Hex Converter:   FromElf.exe V5.06 update 7 (build 960)
CPU DLL:         SARMCM3.DLL V5.34.0.0
Dialog DLL:      DCM.DLL V1.17.3.0
Target DLL:      STLink\ST-LINKIII-KEIL_SWO.dll V3.0.8.0
Dialog DLL:      TCM.DLL V1.48.0.0
 
<h2>Project:</h2>
F:\3_BLDC\7_修改中\n32g435_mymotor_v1.3_1\Project\n32g43x_bldc_motor.uvprojx
Project File Date:  08/14/2026

<h2>Output:</h2>
*** Using Compiler 'V5.06 update 7 (build 960)', folder: 'C:\Keil_v5\ARM\ARMCC\Bin'
Build target 'MotorControl'
compiling analog_calcate.c...
..\Source\App\analog_calcate.c(105): warning:  #1035-D: single-precision operand implicitly converted to double-precision
  		VR = 3.3 - (float)adc_value * 4095.f * 3.3f;		//转换为电压值
..\Source\App\analog_calcate.c(106): warning:  #1035-D: single-precision operand implicitly converted to double-precision
  		Rt = (3.3 - VR) * 10000.0f / VR;		//得到Rt
..\Source\App\analog_calcate.c: 2 warnings, 0 errors
linking...
Program Size: Code=22632 RO-data=560 RW-data=252 ZI-data=6532  
FromELF: creating hex file...
".\Obj\bldc_motor.axf" - 0 Error(s), 2 Warning(s).

<h2>Software Packages used:</h2>

Package Vendor: Nationstech
                http://www.keil.com/pack/Nationstech.N32G43x_DFP.0.9.6.pack
                Nationstech.N32G43x_DFP.0.9.6
                Nationstech N32G43x Series Device Support, Drivers and Examples

<h2>Collection of Component include folders:</h2>
  C:\Users\Administrator\AppData\Local\Arm\Packs\Nationstech\N32G43x_DFP\0.9.6\firmware\CMSIS\device

<h2>Collection of Component Files used:</h2>
Build Time Elapsed:  00:00:03
</pre>
</body>
</html>
